Archive member included to satisfy reference by file (symbol)

D:/STM32CubeIde/STM32CubeIDE_1.17.0/STM32CubeIDE/plugins/com.st.stm32cube.ide.mcu.externaltools.gnu-tools-for-stm32.12.3.rel1.win32_1.1.0.202410251130/tools/bin/../lib/gcc/arm-none-eabi/12.3.1/../../../../arm-none-eabi/lib/thumb/v7-m/nofp\libc_nano.a(libc_a-calloc.o)
                              ./Core/Src/Oled_Display.o (calloc)
D:/STM32CubeIde/STM32CubeIDE_1.17.0/STM32CubeIDE/plugins/com.st.stm32cube.ide.mcu.externaltools.gnu-tools-for-stm32.12.3.rel1.win32_1.1.0.202410251130/tools/bin/../lib/gcc/arm-none-eabi/12.3.1/../../../../arm-none-eabi/lib/thumb/v7-m/nofp\libc_nano.a(libc_a-callocr.o)
                              D:/STM32CubeIde/STM32CubeIDE_1.17.0/STM32CubeIDE/plugins/com.st.stm32cube.ide.mcu.externaltools.gnu-tools-for-stm32.12.3.rel1.win32_1.1.0.202410251130/tools/bin/../lib/gcc/arm-none-eabi/12.3.1/../../../../arm-none-eabi/lib/thumb/v7-m/nofp\libc_nano.a(libc_a-calloc.o) (_calloc_r)
D:/STM32CubeIde/STM32CubeIDE_1.17.0/STM32CubeIDE/plugins/com.st.stm32cube.ide.mcu.externaltools.gnu-tools-for-stm32.12.3.rel1.win32_1.1.0.202410251130/tools/bin/../lib/gcc/arm-none-eabi/12.3.1/../../../../arm-none-eabi/lib/thumb/v7-m/nofp\libc_nano.a(libc_a-exit.o)
                              D:/STM32CubeIde/STM32CubeIDE_1.17.0/STM32CubeIDE/plugins/com.st.stm32cube.ide.mcu.externaltools.gnu-tools-for-stm32.12.3.rel1.win32_1.1.0.202410251130/tools/bin/../lib/gcc/arm-none-eabi/12.3.1/../../../../arm-none-eabi/lib/thumb/v7-m/nofp/crt0.o (exit)
D:/STM32CubeIde/STM32CubeIDE_1.17.0/STM32CubeIDE/plugins/com.st.stm32cube.ide.mcu.externaltools.gnu-tools-for-stm32.12.3.rel1.win32_1.1.0.202410251130/tools/bin/../lib/gcc/arm-none-eabi/12.3.1/../../../../arm-none-eabi/lib/thumb/v7-m/nofp\libc_nano.a(libc_a-malloc.o)
                              ./Core/Src/Hardware_Interface_Layer.o (malloc)
D:/STM32CubeIde/STM32CubeIDE_1.17.0/STM32CubeIDE/plugins/com.st.stm32cube.ide.mcu.externaltools.gnu-tools-for-stm32.12.3.rel1.win32_1.1.0.202410251130/tools/bin/../lib/gcc/arm-none-eabi/12.3.1/../../../../arm-none-eabi/lib/thumb/v7-m/nofp\libc_nano.a(libc_a-mallocr.o)
                              D:/STM32CubeIde/STM32CubeIDE_1.17.0/STM32CubeIDE/plugins/com.st.stm32cube.ide.mcu.externaltools.gnu-tools-for-stm32.12.3.rel1.win32_1.1.0.202410251130/tools/bin/../lib/gcc/arm-none-eabi/12.3.1/../../../../arm-none-eabi/lib/thumb/v7-m/nofp\libc_nano.a(libc_a-callocr.o) (_malloc_r)
D:/STM32CubeIde/STM32CubeIDE_1.17.0/STM32CubeIDE/plugins/com.st.stm32cube.ide.mcu.externaltools.gnu-tools-for-stm32.12.3.rel1.win32_1.1.0.202410251130/tools/bin/../lib/gcc/arm-none-eabi/12.3.1/../../../../arm-none-eabi/lib/thumb/v7-m/nofp\libc_nano.a(libc_a-mlock.o)
                              D:/STM32CubeIde/STM32CubeIDE_1.17.0/STM32CubeIDE/plugins/com.st.stm32cube.ide.mcu.externaltools.gnu-tools-for-stm32.12.3.rel1.win32_1.1.0.202410251130/tools/bin/../lib/gcc/arm-none-eabi/12.3.1/../../../../arm-none-eabi/lib/thumb/v7-m/nofp\libc_nano.a(libc_a-mallocr.o) (__malloc_lock)
D:/STM32CubeIde/STM32CubeIDE_1.17.0/STM32CubeIDE/plugins/com.st.stm32cube.ide.mcu.externaltools.gnu-tools-for-stm32.12.3.rel1.win32_1.1.0.202410251130/tools/bin/../lib/gcc/arm-none-eabi/12.3.1/../../../../arm-none-eabi/lib/thumb/v7-m/nofp\libc_nano.a(libc_a-findfp.o)
                              D:/STM32CubeIde/STM32CubeIDE_1.17.0/STM32CubeIDE/plugins/com.st.stm32cube.ide.mcu.externaltools.gnu-tools-for-stm32.12.3.rel1.win32_1.1.0.202410251130/tools/bin/../lib/gcc/arm-none-eabi/12.3.1/../../../../arm-none-eabi/lib/thumb/v7-m/nofp\libc_nano.a(libc_a-exit.o) (__stdio_exit_handler)
D:/STM32CubeIde/STM32CubeIDE_1.17.0/STM32CubeIDE/plugins/com.st.stm32cube.ide.mcu.externaltools.gnu-tools-for-stm32.12.3.rel1.win32_1.1.0.202410251130/tools/bin/../lib/gcc/arm-none-eabi/12.3.1/../../../../arm-none-eabi/lib/thumb/v7-m/nofp\libc_nano.a(libc_a-fwalk.o)
                              D:/STM32CubeIde/STM32CubeIDE_1.17.0/STM32CubeIDE/plugins/com.st.stm32cube.ide.mcu.externaltools.gnu-tools-for-stm32.12.3.rel1.win32_1.1.0.202410251130/tools/bin/../lib/gcc/arm-none-eabi/12.3.1/../../../../arm-none-eabi/lib/thumb/v7-m/nofp\libc_nano.a(libc_a-findfp.o) (_fwalk_sglue)
D:/STM32CubeIde/STM32CubeIDE_1.17.0/STM32CubeIDE/plugins/com.st.stm32cube.ide.mcu.externaltools.gnu-tools-for-stm32.12.3.rel1.win32_1.1.0.202410251130/tools/bin/../lib/gcc/arm-none-eabi/12.3.1/../../../../arm-none-eabi/lib/thumb/v7-m/nofp\libc_nano.a(libc_a-stdio.o)
                              D:/STM32CubeIde/STM32CubeIDE_1.17.0/STM32CubeIDE/plugins/com.st.stm32cube.ide.mcu.externaltools.gnu-tools-for-stm32.12.3.rel1.win32_1.1.0.202410251130/tools/bin/../lib/gcc/arm-none-eabi/12.3.1/../../../../arm-none-eabi/lib/thumb/v7-m/nofp\libc_nano.a(libc_a-findfp.o) (__sread)
[...]
Memory Configuration

Name             Origin             Length             Attributes
RAM              0x20000000         0x00005000         xrw
FLASH            0x08000000         0x00010000         xr
*default*        0x00000000         0xffffffff

Linker script and memory map

LOAD D:/STM32CubeIde/STM32CubeIDE_1.17.0/STM32CubeIDE/plugins/com.st.stm32cube.ide.mcu.externaltools.gnu-tools-for-stm32.12.3.rel1.win32_1.1.0.202410251130/tools/bin/../lib/gcc/arm-none-eabi/12.3.1/thumb/v7-m/nofp/crti.o
LOAD D:/STM32CubeIde/STM32CubeIDE_1.17.0/STM32CubeIDE/plugins/com.st.stm32cube.ide.mcu.externaltools.gnu-tools-for-stm32.12.3.rel1.win32_1.1.0.202410251130/tools/bin/../lib/gcc/arm-none-eabi/12.3.1/thumb/v7-m/nofp/crtbegin.o
LOAD D:/STM32CubeIde/STM32CubeIDE_1.17.0/STM32CubeIDE/plugins/com.st.stm32cube.ide.mcu.externaltools.gnu-tools-for-stm32.12.3.rel1.win32_1.1.0.202410251130/tools/bin/../lib/gcc/arm-none-eabi/12.3.1/../../../../arm-none-eabi/lib/thumb/v7-m/nofp/crt0.o
LOAD ./Core/Src/Hardware_Interface_Layer.o
LOAD ./Core/Src/Oled_Display.o
LOAD ./Core/Src/main.o
LOAD ./Core/Src/softwareTimer.o
LOAD ./Core/Src/stm32f1xx_hal_msp.o
LOAD ./Core/Src/stm32f1xx_it.o
LOAD ./Core/Src/syscalls.o
LOAD ./Core/Src/sysmem.o
LOAD ./Core/Src/system_stm32f1xx.o
LOAD ./Core/Startup/startup_stm32f103c8tx.o
LOAD ./Drivers/STM32F1xx_HAL_Driver/Src/stm32f1xx_hal.o
LOAD ./Drivers/STM32F1xx_HAL_Driver/Src/stm32f1xx_hal_cortex.o
LOAD ./Drivers/STM32F1xx_HAL_Driver/Src/stm32f1xx_hal_dma.o
LOAD ./Drivers/STM32F1xx_HAL_Driver/Src/stm32f1xx_hal_exti.o
LOAD ./Drivers/STM32F1xx_HAL_Driver/Src/stm32f1xx_hal_flash.o
LOAD ./Drivers/STM32F1xx_HAL_Driver/Src/stm32f1xx_hal_flash_ex.o
LOAD ./Drivers/STM32F1xx_HAL_Driver/Src/stm32f1xx_hal_gpio.o
LOAD ./Drivers/STM32F1xx_HAL_Driver/Src/stm32f1xx_hal_gpio_ex.o
LOAD ./Drivers/STM32F1xx_HAL_Driver/Src/stm32f1xx_hal_i2c.o
LOAD ./Drivers/STM32F1xx_HAL_Driver/Src/stm32f1xx_hal_pwr.o
LOAD ./Drivers/STM32F1xx_HAL_Driver/Src/stm32f1xx_hal_rcc.o
LOAD ./Drivers/STM32F1xx_HAL_Driver/Src/stm32f1xx_hal_rcc_ex.o
LOAD ./Drivers/STM32F1xx_HAL_Driver/Src/stm32f1xx_hal_spi.o
LOAD ./Drivers/STM32F1xx_HAL_Driver/Src/stm32f1xx_hal_tim.o
LOAD ./Drivers/STM32F1xx_HAL_Driver/Src/stm32f1xx_hal_tim_ex.o
LOAD ./Drivers/STM32F1xx_HAL_Driver/Src/stm32f1xx_hal_uart.o
START GROUP
LOAD D:/STM32CubeIde/STM32CubeIDE_1.17.0/STM32CubeIDE/plugins/com.st.stm32cube.ide.mcu.externaltools.gnu-tools-for-stm32.12.3.rel1.win32_1.1.0.202410251130/tools/bin/../lib/gcc/arm-none-eabi/12.3.1/../../../../arm-none-eabi/lib/thumb/v7-m/nofp\libc_nano.a
LOAD D:/STM32CubeIde/STM32CubeIDE_1.17.0/STM32CubeIDE/plugins/com.st.stm32cube.ide.mcu.externaltools.gnu-tools-for-stm32.12.3.rel1.win32_1.1.0.202410251130/tools/bin/../lib/gcc/arm-none-eabi/12.3.1/../../../../arm-none-eabi/lib/thumb/v7-m/nofp\libm.a
END GROUP
START GROUP
LOAD D:/STM32CubeIde/STM32CubeIDE_1.17.0/STM32CubeIDE/plugins/com.st.stm32cube.ide.mcu.externaltools.gnu-tools-for-stm32.12.3.rel1.win32_1.1.0.202410251130/tools/bin/../lib/gcc/arm-none-eabi/12.3.1/thumb/v7-m/nofp\libgcc.a
LOAD D:/STM32CubeIde/STM32CubeIDE_1.17.0/STM32CubeIDE/plugins/com.st.stm32cube.ide.mcu.externaltools.gnu-tools-for-stm32.12.3.rel1.win32_1.1.0.202410251130/tools/bin/../lib/gcc/arm-none-eabi/12.3.1/../../../../arm-none-eabi/lib/thumb/v7-m/nofp\libc_nano.a
END GROUP
START GROUP
LOAD D:/STM32CubeIde/STM32CubeIDE_1.17.0/STM32CubeIDE/plugins/com.st.stm32cube.ide.mcu.externaltools.gnu-tools-for-stm32.12.3.rel1.win32_1.1.0.202410251130/tools/bin/../lib/gcc/arm-none-eabi/12.3.1/thumb/v7-m/nofp\libgcc.a
LOAD D:/STM32CubeIde/STM32CubeIDE_1.17.0/STM32CubeIDE/plugins/com.st.stm32cube.ide.mcu.externaltools.gnu-tools-for-stm32.12.3.rel1.win32_1.1.0.202410251130/tools/bin/../lib/gcc/arm-none-eabi/12.3.1/../../../../arm-none-eabi/lib/thumb/v7-m/nofp\libc_nano.a
LOAD D:/STM32CubeIde/STM32CubeIDE_1.17.0/STM32CubeIDE/plugins/com.st.stm32cube.ide.mcu.externaltools.gnu-tools-for-stm32.12.3.rel1.win32_1.1.0.202410251130/tools/bin/../lib/gcc/arm-none-eabi/12.3.1/../../../../arm-none-eabi/lib/thumb/v7-m/nofp\libnosys.a
END GROUP
START GROUP
LOAD D:/STM32CubeIde/STM32CubeIDE_1.17.0/STM32CubeIDE/plugins/com.st.stm32cube.ide.mcu.externaltools.gnu-tools-for-stm32.12.3.rel1.win32_1.1.0.202410251130/tools/bin/../lib/gcc/arm-none-eabi/12.3.1/thumb/v7-m/nofp\libgcc.a
LOAD D:/STM32CubeIde/STM32CubeIDE_1.17.0/STM32CubeIDE/plugins/com.st.stm32cube.ide.mcu.externaltools.gnu-tools-for-stm32.12.3.rel1.win32_1.1.0.202410251130/tools/bin/../lib/gcc/arm-none-eabi/12.3.1/../../../../arm-none-eabi/lib/thumb/v7-m/nofp\libc_nano.a
LOAD D:/STM32CubeIde/STM32CubeIDE_1.17.0/STM32CubeIDE/plugins/com.st.stm32cube.ide.mcu.externaltools.gnu-tools-for-stm32.12.3.rel1.win32_1.1.0.202410251130/tools/bin/../lib/gcc/arm-none-eabi/12.3.1/../../../../arm-none-eabi/lib/thumb/v7-m/nofp\libnosys.a
END GROUP
LOAD D:/STM32CubeIde/STM32CubeIDE_1.17.0/STM32CubeIDE/plugins/com.st.stm32cube.ide.mcu.externaltools.gnu-tools-for-stm32.12.3.rel1.win32_1.1.0.202410251130/tools/bin/../lib/gcc/arm-none-eabi/12.3.1/thumb/v7-m/nofp/crtend.o
LOAD D:/STM32CubeIde/STM32CubeIDE_1.17.0/STM32CubeIDE/plugins/com.st.stm32cube.ide.mcu.externaltools.gnu-tools-for-stm32.12.3.rel1.win32_1.1.0.202410251130/tools/bin/../lib/gcc/arm-none-eabi/12.3.1/thumb/v7-m/nofp/crtn.o
                0x20005000                        _estack = (ORIGIN (RAM) + LENGTH (RAM))
                0x00000200                        _Min_Heap_Size = 0x200
                0x00000400                        _Min_Stack_Size = 0x400

.isr_vector     0x08000000      0x10c
                0x08000000                        . = ALIGN (0x4)
 *(.isr_vector)
 .isr_vector    0x08000000      0x10c ./Core/Startup/startup_stm32f103c8tx.o
                0x08000000                g_pfnVectors
                0x0800010c                        . = ALIGN (0x4)

.text           0x0800010c     0x6fe0
                0x0800010c                        . = ALIGN (0x4)
 *(.text)
 .text          0x0800010c       0x40 D:/STM32CubeIde/STM32CubeIDE_1.17.0/STM32CubeIDE/plugins/com.st.stm32cube.ide.mcu.externaltools.gnu-tools-for-stm32.12.3.rel1.win32_1.1.0.202410251130/tools/bin/../lib/gcc/arm-none-eabi/12.3.1/thumb/v7-m/nofp/crtbegin.o
 *(.text*)
 .text.hw_reboot
                0x0800014c       0x70 ./Core/Src/Hardware_Interface_Layer.o
                0x0800014c                hw_reboot
 .text.i2c_init
                0x080001bc       0x50 ./Core/Src/Hardware_Interface_Layer.o
                0x080001bc                i2c_init
 .text.spi_init
                0x0800020c       0x80 ./Core/Src/Hardware_Interface_Layer.o
                0x0800020c                spi_init
 .text.uart_init
                0x0800028c       0x5c ./Core/Src/Hardware_Interface_Layer.o
                0x0800028c                uart_init
 .text.RS485_init
                0x080002e8       0x5c ./Core/Src/Hardware_Interface_Layer.o
                0x080002e8                RS485_init
 .text.hw_tim_init
                0x08000344       0xa4 ./Core/Src/Hardware_Interface_Layer.o
                0x08000344                hw_tim_init
 .text.slave_init
                0x080003e8       0x5c ./Core/Src/Hardware_Interface_Layer.o
                0x080003e8                slave_init
 .text.hw_init  0x08000444       0xa4 ./Core/Src/Hardware_Interface_Layer.o
                0x08000444                hw_init
 .text.uart_config
                0x080004e8       0x78 ./Core/Src/Hardware_Interface_Layer.o
                0x080004e8                uart_config
 .text.ErrorCode_Handler
                0x08000560       0xe4 ./Core/Src/Hardware_Interface_Layer.o
                0x08000560                ErrorCode_Handler
 .text.hw_receive
                0x08000644      0x13c ./Core/Src/Hardware_Interface_Layer.o
                0x08000644                hw_receive
 .text.HAL_UART_RxCpltCallback
                0x08000780       0x2c ./Core/Src/Hardware_Interface_Layer.o
                0x08000780                HAL_UART_RxCpltCallback
 .text.HAL_I2C_SlaveRxCpltCallback
                0x080007ac       0x1c ./Core/Src/Hardware_Interface_Layer.o
                0x080007ac                HAL_I2C_SlaveRxCpltCallback
 .text.HAL_SPI_RxCpltCallback
                0x080007c8       0x1c ./Core/Src/Hardware_Interface_Layer.o
                0x080007c8                HAL_SPI_RxCpltCallback
 .text.main     0x080007e4       0x68 ./Core/Src/main.o
                0x080007e4                main
 .text.SystemClock_Config
                0x0800084c       0x8a ./Core/Src/main.o
                0x0800084c                SystemClock_Config
 *fill*         0x080008d6        0x2 
 .text.MX_I2C1_Init
                0x080008d8       0x5c ./Core/Src/main.o
 .text.MX_I2C2_Init
                0x08000934       0x5c ./Core/Src/main.o
 .text.MX_SPI1_Init
                0x08000990       0x6c ./Core/Src/main.o
 .text.MX_SPI2_Init
                0x080009fc       0x6c ./Core/Src/main.o
 .text.MX_TIM2_Init
                0x08000a68       0x98 ./Core/Src/main.o
 .text.MX_USART1_UART_Init
                0x08000b00       0x54 ./Core/Src/main.o
 .text.MX_USART2_UART_Init
                0x08000b54       0x54 ./Core/Src/main.o
 .text.MX_GPIO_Init
                0x08000ba8       0xb0 ./Core/Src/main.o
 .text.Error_Handler
                0x08000c58        0xc ./Core/Src/main.o
                0x08000c58                Error_Handler
 .text.timerInit
                0x08000c64       0x24 ./Core/Src/softwareTimer.o
                0x08000c64                timerInit
 .text.timerRun
                0x08000c88       0x60 ./Core/Src/softwareTimer.o
                0x08000c88                timerRun
 .text.HAL_TIM_PeriodElapsedCallback
                0x08000ce8       0x14 ./Core/Src/softwareTimer.o
                0x08000ce8                HAL_TIM_PeriodElapsedCallback
 .text.HAL_MspInit
                0x08000cfc       0x64 ./Core/Src/stm32f1xx_hal_msp.o
                0x08000cfc                HAL_MspInit
 .text.HAL_I2C_MspInit
                0x08000d60       0xf8 ./Core/Src/stm32f1xx_hal_msp.o
                0x08000d60                HAL_I2C_MspInit
 .text.HAL_I2C_MspDeInit
                0x08000e58       0x80 ./Core/Src/stm32f1xx_hal_msp.o
                0x08000e58                HAL_I2C_MspDeInit
 .text.HAL_SPI_MspInit
                0x08000ed8      0x12c ./Core/Src/stm32f1xx_hal_msp.o
                0x08000ed8                HAL_SPI_MspInit
 .text.HAL_SPI_MspDeInit
                0x08001004       0x70 ./Core/Src/stm32f1xx_hal_msp.o
                0x08001004                HAL_SPI_MspDeInit
 .text.HAL_TIM_Base_MspInit
                0x08001074       0x48 ./Core/Src/stm32f1xx_hal_msp.o
                0x08001074                HAL_TIM_Base_MspInit
 .text.HAL_UART_MspInit
                0x080010bc      0x128 ./Core/Src/stm32f1xx_hal_msp.o
                0x080010bc                HAL_UART_MspInit
 .text.HAL_UART_MspDeInit
                0x080011e4       0x6c ./Core/Src/stm32f1xx_hal_msp.o
                0x080011e4                HAL_UART_MspDeInit
 .text.NMI_Handler
                0x08001250        0x8 ./Core/Src/stm32f1xx_it.o
                0x08001250                NMI_Handler
 .text.HardFault_Handler
                0x08001258        0x8 ./Core/Src/stm32f1xx_it.o
                0x08001258                HardFault_Handler
 .text.MemManage_Handler
                0x08001260        0x8 ./Core/Src/stm32f1xx_it.o
                0x08001260                MemManage_Handler
 .text.BusFault_Handler
                0x08001268        0x8 ./Core/Src/stm32f1xx_it.o
                0x08001268                BusFault_Handler
 .text.UsageFault_Handler
                0x08001270        0x8 ./Core/Src/stm32f1xx_it.o
                0x08001270                UsageFault_Handler
 .text.SVC_Handler
                0x08001278        0xc ./Core/Src/stm32f1xx_it.o
                0x08001278                SVC_Handler
 .text.DebugMon_Handler
                0x08001284        0xc ./Core/Src/stm32f1xx_it.o
                0x08001284                DebugMon_Handler
 .text.PendSV_Handler
                0x08001290        0xc ./Core/Src/stm32f1xx_it.o
                0x08001290                PendSV_Handler
 .text.SysTick_Handler
                0x0800129c        0xc ./Core/Src/stm32f1xx_it.o
                0x0800129c                SysTick_Handler
 .text.TIM2_IRQHandler
                0x080012a8       0x14 ./Core/Src/stm32f1xx_it.o
                0x080012a8                TIM2_IRQHandler
 .text.I2C1_EV_IRQHandler
                0x080012bc       0x14 ./Core/Src/stm32f1xx_it.o
                0x080012bc                I2C1_EV_IRQHandler
 .text.I2C2_EV_IRQHandler
                0x080012d0       0x14 ./Core/Src/stm32f1xx_it.o
                0x080012d0                I2C2_EV_IRQHandler
 .text.SPI1_IRQHandler
                0x080012e4       0x14 ./Core/Src/stm32f1xx_it.o
                0x080012e4                SPI1_IRQHandler
 .text.SPI2_IRQHandler
                0x080012f8       0x14 ./Core/Src/stm32f1xx_it.o
                0x080012f8                SPI2_IRQHandler
 .text.USART1_IRQHandler
                0x0800130c       0x14 ./Core/Src/stm32f1xx_it.o
                0x0800130c                USART1_IRQHandler
 .text.USART2_IRQHandler
                0x08001320       0x14 ./Core/Src/stm32f1xx_it.o
                0x08001320                USART2_IRQHandler
 .text._sbrk    0x08001334       0x6c ./Core/Src/sysmem.o
                0x08001334                _sbrk
 .text.SystemInit
                0x080013a0        0xc ./Core/Src/system_stm32f1xx.o
                0x080013a0                SystemInit
 .text.Reset_Handler
                0x080013ac       0x48 ./Core/Startup/startup_stm32f103c8tx.o
                0x080013ac                Reset_Handler
 .text.Default_Handler
                0x080013f4        0x2 ./Core/Startup/startup_stm32f103c8tx.o
                0x080013f4                RTC_Alarm_IRQHandler
                0x080013f4                EXTI2_IRQHandler
                0x080013f4                TIM1_CC_IRQHandler
                0x080013f4                PVD_IRQHandler
                0x080013f4                EXTI3_IRQHandler
                0x080013f4                EXTI0_IRQHandler
                0x080013f4                ADC1_2_IRQHandler
                0x080013f4                TAMPER_IRQHandler
                0x080013f4                DMA1_Channel4_IRQHandler
                0x080013f4                USART3_IRQHandler
                0x080013f4                RTC_IRQHandler
                0x080013f4                DMA1_Channel7_IRQHandler
                0x080013f4                CAN1_RX1_IRQHandler
                0x080013f4                TIM4_IRQHandler
                0x080013f4                DMA1_Channel6_IRQHandler
                0x080013f4                TIM3_IRQHandler
                0x080013f4                RCC_IRQHandler
                0x080013f4                TIM1_TRG_COM_IRQHandler
                0x080013f4                DMA1_Channel1_IRQHandler
                0x080013f4                Default_Handler
                0x080013f4                EXTI15_10_IRQHandler
                0x080013f4                EXTI9_5_IRQHandler
                0x080013f4                DMA1_Channel5_IRQHandler
                0x080013f4                EXTI4_IRQHandler
                0x080013f4                USB_LP_CAN1_RX0_IRQHandler
                0x080013f4                USB_HP_CAN1_TX_IRQHandler
                0x080013f4                DMA1_Channel3_IRQHandler
                0x080013f4                TIM1_UP_IRQHandler
                0x080013f4                WWDG_IRQHandler
                0x080013f4                TIM1_BRK_IRQHandler
                0x080013f4                EXTI1_IRQHandler
                0x080013f4                I2C2_ER_IRQHandler
                0x080013f4                DMA1_Channel2_IRQHandler
                0x080013f4                CAN1_SCE_IRQHandler
                0x080013f4                FLASH_IRQHandler
                0x080013f4                I2C1_ER_IRQHandler
                0x080013f4                USBWakeUp_IRQHandler
 *fill*         0x080013f6        0x2 
 .text.HAL_Init
                0x080013f8       0x2c ./Drivers/STM32F1xx_HAL_Driver/Src/stm32f1xx_hal.o
                0x080013f8                HAL_Init
 .text.HAL_InitTick
                0x08001424       0x60 ./Drivers/STM32F1xx_HAL_Driver/Src/stm32f1xx_hal.o
                0x08001424                HAL_InitTick
 .text.HAL_IncTick
                0x08001484       0x24 ./Drivers/STM32F1xx_HAL_Driver/Src/stm32f1xx_hal.o
                0x08001484                HAL_IncTick
 .text.HAL_GetTick
                0x080014a8       0x14 ./Drivers/STM32F1xx_HAL_Driver/Src/stm32f1xx_hal.o
                0x080014a8                HAL_GetTick
 .text.__NVIC_SetPriorityGrouping
                0x080014bc       0x48 ./Drivers/STM32F1xx_HAL_Driver/Src/stm32f1xx_hal_cortex.o
 .text.__NVIC_GetPriorityGrouping
                0x08001504       0x1c ./Drivers/STM32F1xx_HAL_Driver/Src/stm32f1xx_hal_cortex.o
 .text.__NVIC_EnableIRQ
                0x08001520       0x38 ./Drivers/STM32F1xx_HAL_Driver/Src/stm32f1xx_hal_cortex.o
 .text.__NVIC_DisableIRQ
                0x08001558       0x48 ./Drivers/STM32F1xx_HAL_Driver/Src/stm32f1xx_hal_cortex.o
 .text.__NVIC_SetPriority
                0x080015a0       0x54 ./Drivers/STM32F1xx_HAL_Driver/Src/stm32f1xx_hal_cortex.o
 .text.NVIC_EncodePriority
                0x080015f4       0x64 ./Drivers/STM32F1xx_HAL_Driver/Src/stm32f1xx_hal_cortex.o
 .text.SysTick_Config
                0x08001658       0x44 ./Drivers/STM32F1xx_HAL_Driver/Src/stm32f1xx_hal_cortex.o
 .text.HAL_NVIC_SetPriorityGrouping
                0x0800169c       0x16 ./Drivers/STM32F1xx_HAL_Driver/Src/stm32f1xx_hal_cortex.o
                0x0800169c                HAL_NVIC_SetPriorityGrouping
 .text.HAL_NVIC_SetPriority
                0x080016b2       0x38 ./Drivers/STM32F1xx_HAL_Driver/Src/stm32f1xx_hal_cortex.o
                0x080016b2                HAL_NVIC_SetPriority
 .text.HAL_NVIC_EnableIRQ
                0x080016ea       0x1c ./Drivers/STM32F1xx_HAL_Driver/Src/stm32f1xx_hal_cortex.o
                0x080016ea                HAL_NVIC_EnableIRQ
 .text.HAL_NVIC_DisableIRQ
                0x08001706       0x1c ./Drivers/STM32F1xx_HAL_Driver/Src/stm32f1xx_hal_cortex.o
                0x08001706                HAL_NVIC_DisableIRQ
 .text.HAL_SYSTICK_Config
                0x08001722       0x18 ./Drivers/STM32F1xx_HAL_Driver/Src/stm32f1xx_hal_cortex.o
                0x08001722                HAL_SYSTICK_Config
 .text.HAL_DMA_Abort
                0x0800173a       0x76 ./Drivers/STM32F1xx_HAL_Driver/Src/stm32f1xx_hal_dma.o
                0x0800173a                HAL_DMA_Abort
 .text.HAL_DMA_Abort_IT
                0x080017b0       0xf0 ./Drivers/STM32F1xx_HAL_Driver/Src/stm32f1xx_hal_dma.o
                0x080017b0                HAL_DMA_Abort_IT
 .text.HAL_DMA_GetState
                0x080018a0       0x1a ./Drivers/STM32F1xx_HAL_Driver/Src/stm32f1xx_hal_dma.o
                0x080018a0                HAL_DMA_GetState
 *fill*         0x080018ba        0x2 
 .text.HAL_GPIO_Init
                0x080018bc      0x308 ./Drivers/STM32F1xx_HAL_Driver/Src/stm32f1xx_hal_gpio.o
                0x080018bc                HAL_GPIO_Init
 .text.HAL_GPIO_DeInit
                0x08001bc4      0x178 ./Drivers/STM32F1xx_HAL_Driver/Src/stm32f1xx_hal_gpio.o
                0x08001bc4                HAL_GPIO_DeInit
 .text.HAL_GPIO_WritePin
                0x08001d3c       0x30 ./Drivers/STM32F1xx_HAL_Driver/Src/stm32f1xx_hal_gpio.o
                0x08001d3c                HAL_GPIO_WritePin
 .text.HAL_I2C_Init
                0x08001d6c      0x288 ./Drivers/STM32F1xx_HAL_Driver/Src/stm32f1xx_hal_i2c.o
                0x08001d6c                HAL_I2C_Init
 .text.HAL_I2C_DeInit
                0x08001ff4       0x5e ./Drivers/STM32F1xx_HAL_Driver/Src/stm32f1xx_hal_i2c.o
                0x08001ff4                HAL_I2C_DeInit
 .text.I2C_Flush_DR
                0x08002052       0x28 ./Drivers/STM32F1xx_HAL_Driver/Src/stm32f1xx_hal_i2c.o
 *fill*         0x0800207a        0x2 
 .text.HAL_I2C_Master_Receive
                0x0800207c      0x4d8 ./Drivers/STM32F1xx_HAL_Driver/Src/stm32f1xx_hal_i2c.o
                0x0800207c                HAL_I2C_Master_Receive
 .text.HAL_I2C_Slave_Receive_IT
                0x08002554       0xdc ./Drivers/STM32F1xx_HAL_Driver/Src/stm32f1xx_hal_i2c.o
                0x08002554                HAL_I2C_Slave_Receive_IT
 .text.HAL_I2C_EV_IRQHandler
                0x08002630      0x2a6 ./Drivers/STM32F1xx_HAL_Driver/Src/stm32f1xx_hal_i2c.o
                0x08002630                HAL_I2C_EV_IRQHandler
 .text.HAL_I2C_MasterTxCpltCallback
                0x080028d6       0x12 ./Drivers/STM32F1xx_HAL_Driver/Src/stm32f1xx_hal_i2c.o
                0x080028d6                HAL_I2C_MasterTxCpltCallback
 .text.HAL_I2C_MasterRxCpltCallback
                0x080028e8       0x12 ./Drivers/STM32F1xx_HAL_Driver/Src/stm32f1xx_hal_i2c.o
                0x080028e8                HAL_I2C_MasterRxCpltCallback
 .text.HAL_I2C_SlaveTxCpltCallback
                0x080028fa       0x12 ./Drivers/STM32F1xx_HAL_Driver/Src/stm32f1xx_hal_i2c.o
                0x080028fa                HAL_I2C_SlaveTxCpltCallback
 .text.HAL_I2C_AddrCallback
                0x0800290c       0x1a ./Drivers/STM32F1xx_HAL_Driver/Src/stm32f1xx_hal_i2c.o
                0x0800290c                HAL_I2C_AddrCallback
 .text.HAL_I2C_ListenCpltCallback
                0x08002926       0x12 ./Drivers/STM32F1xx_HAL_Driver/Src/stm32f1xx_hal_i2c.o
                0x08002926                HAL_I2C_ListenCpltCallback
 .text.HAL_I2C_MemTxCpltCallback
                0x08002938       0x12 ./Drivers/STM32F1xx_HAL_Driver/Src/stm32f1xx_hal_i2c.o
                0x08002938                HAL_I2C_MemTxCpltCallback
 .text.HAL_I2C_MemRxCpltCallback
                0x0800294a       0x12 ./Drivers/STM32F1xx_HAL_Driver/Src/stm32f1xx_hal_i2c.o
                0x0800294a                HAL_I2C_MemRxCpltCallback
 .text.HAL_I2C_ErrorCallback
                0x0800295c       0x12 ./Drivers/STM32F1xx_HAL_Driver/Src/stm32f1xx_hal_i2c.o
                0x0800295c                HAL_I2C_ErrorCallback
 .text.HAL_I2C_AbortCpltCallback
                0x0800296e       0x12 ./Drivers/STM32F1xx_HAL_Driver/Src/stm32f1xx_hal_i2c.o
                0x0800296e                HAL_I2C_AbortCpltCallback
 .text.HAL_I2C_GetError
                0x08002980       0x16 ./Drivers/STM32F1xx_HAL_Driver/Src/stm32f1xx_hal_i2c.o
                0x08002980                HAL_I2C_GetError
 .text.I2C_MasterTransmit_TXE
                0x08002996      0x138 ./Drivers/STM32F1xx_HAL_Driver/Src/stm32f1xx_hal_i2c.o
 .text.I2C_MasterTransmit_BTF
                0x08002ace       0xec ./Drivers/STM32F1xx_HAL_Driver/Src/stm32f1xx_hal_i2c.o
 .text.I2C_MemoryTransmit_TXE_BTF
                0x08002bba      0x130 ./Drivers/STM32F1xx_HAL_Driver/Src/stm32f1xx_hal_i2c.o
 .text.I2C_MasterReceive_RXNE
                0x08002cea      0x190 ./Drivers/STM32F1xx_HAL_Driver/Src/stm32f1xx_hal_i2c.o
 .text.I2C_MasterReceive_BTF
                0x08002e7a      0x1e2 ./Drivers/STM32F1xx_HAL_Driver/Src/stm32f1xx_hal_i2c.o
 .text.I2C_Master_SB
                0x0800305c      0x10a ./Drivers/STM32F1xx_HAL_Driver/Src/stm32f1xx_hal_i2c.o
 .text.I2C_Master_ADD10
                0x08003166       0x52 ./Drivers/STM32F1xx_HAL_Driver/Src/stm32f1xx_hal_i2c.o
 .text.I2C_Master_ADDR
                0x080031b8      0x336 ./Drivers/STM32F1xx_HAL_Driver/Src/stm32f1xx_hal_i2c.o
 .text.I2C_SlaveTransmit_TXE
                0x080034ee       0x7a ./Drivers/STM32F1xx_HAL_Driver/Src/stm32f1xx_hal_i2c.o
 .text.I2C_SlaveTransmit_BTF
                0x08003568       0x40 ./Drivers/STM32F1xx_HAL_Driver/Src/stm32f1xx_hal_i2c.o
 .text.I2C_SlaveReceive_RXNE
                0x080035a8       0x7c ./Drivers/STM32F1xx_HAL_Driver/Src/stm32f1xx_hal_i2c.o
 .text.I2C_SlaveReceive_BTF
                0x08003624       0x42 ./Drivers/STM32F1xx_HAL_Driver/Src/stm32f1xx_hal_i2c.o
 .text.I2C_Slave_ADDR
                0x08003666       0x90 ./Drivers/STM32F1xx_HAL_Driver/Src/stm32f1xx_hal_i2c.o
 *fill*         0x080036f6        0x2 
 .text.I2C_Slave_STOPF
                0x080036f8      0x260 ./Drivers/STM32F1xx_HAL_Driver/Src/stm32f1xx_hal_i2c.o
 .text.I2C_ITError
                0x08003958      0x264 ./Drivers/STM32F1xx_HAL_Driver/Src/stm32f1xx_hal_i2c.o
 .text.I2C_MasterRequestRead
                0x08003bbc      0x19c ./Drivers/STM32F1xx_HAL_Driver/Src/stm32f1xx_hal_i2c.o
 .text.I2C_DMAAbort
                0x08003d58      0x150 ./Drivers/STM32F1xx_HAL_Driver/Src/stm32f1xx_hal_i2c.o
 .text.I2C_WaitOnFlagUntilTimeout
                0x08003ea8       0xf4 ./Drivers/STM32F1xx_HAL_Driver/Src/stm32f1xx_hal_i2c.o
 .text.I2C_WaitOnMasterAddressFlagUntilTimeout
                0x08003f9c      0x140 ./Drivers/STM32F1xx_HAL_Driver/Src/stm32f1xx_hal_i2c.o
 .text.I2C_WaitOnSTOPRequestThroughIT
                0x080040dc       0x64 ./Drivers/STM32F1xx_HAL_Driver/Src/stm32f1xx_hal_i2c.o
 .text.I2C_WaitOnRXNEFlagUntilTimeout
                0x08004140       0xba ./Drivers/STM32F1xx_HAL_Driver/Src/stm32f1xx_hal_i2c.o
 .text.I2C_ConvertOtherXferOptions
                0x080041fa       0x34 ./Drivers/STM32F1xx_HAL_Driver/Src/stm32f1xx_hal_i2c.o
 *fill*         0x0800422e        0x2 
 .text.HAL_RCC_OscConfig
                0x08004230      0x504 ./Drivers/STM32F1xx_HAL_Driver/Src/stm32f1xx_hal_rcc.o
                0x08004230                HAL_RCC_OscConfig
 .text.HAL_RCC_ClockConfig
                0x08004734      0x1d4 ./Drivers/STM32F1xx_HAL_Driver/Src/stm32f1xx_hal_rcc.o
                0x08004734                HAL_RCC_ClockConfig
 .text.HAL_RCC_GetSysClockFreq
                0x08004908       0xa8 ./Drivers/STM32F1xx_HAL_Driver/Src/stm32f1xx_hal_rcc.o
                0x08004908                HAL_RCC_GetSysClockFreq
 .text.HAL_RCC_GetHCLKFreq
                0x080049b0       0x14 ./Drivers/STM32F1xx_HAL_Driver/Src/stm32f1xx_hal_rcc.o
                0x080049b0                HAL_RCC_GetHCLKFreq
 .text.HAL_RCC_GetPCLK1Freq
                0x080049c4       0x28 ./Drivers/STM32F1xx_HAL_Driver/Src/stm32f1xx_hal_rcc.o
                0x080049c4                HAL_RCC_GetPCLK1Freq
 .text.HAL_RCC_GetPCLK2Freq
                0x080049ec       0x28 ./Drivers/STM32F1xx_HAL_Driver/Src/stm32f1xx_hal_rcc.o
                0x080049ec                HAL_RCC_GetPCLK2Freq
 .text.RCC_Delay
                0x08004a14       0x3c ./Drivers/STM32F1xx_HAL_Driver/Src/stm32f1xx_hal_rcc.o
 .text.HAL_SPI_Init
                0x08004a50      0x108 ./Drivers/STM32F1xx_HAL_Driver/Src/stm32f1xx_hal_spi.o
                0x08004a50                HAL_SPI_Init
 .text.HAL_SPI_DeInit
                0x08004b58       0x50 ./Drivers/STM32F1xx_HAL_Driver/Src/stm32f1xx_hal_spi.o
                0x08004b58                HAL_SPI_DeInit
 .text.HAL_SPI_TransmitReceive
                0x08004ba8      0x352 ./Drivers/STM32F1xx_HAL_Driver/Src/stm32f1xx_hal_spi.o
                0x08004ba8                HAL_SPI_TransmitReceive
 *fill*         0x08004efa        0x2 
 .text.HAL_SPI_Receive_IT
                0x08004efc      0x130 ./Drivers/STM32F1xx_HAL_Driver/Src/stm32f1xx_hal_spi.o
                0x08004efc                HAL_SPI_Receive_IT
 .text.HAL_SPI_TransmitReceive_IT
                0x0800502c      0x11c ./Drivers/STM32F1xx_HAL_Driver/Src/stm32f1xx_hal_spi.o
                0x0800502c                HAL_SPI_TransmitReceive_IT
 .text.HAL_SPI_IRQHandler
                0x08005148      0x1bc ./Drivers/STM32F1xx_HAL_Driver/Src/stm32f1xx_hal_spi.o
                0x08005148                HAL_SPI_IRQHandler
 .text.HAL_SPI_TxRxCpltCallback
                0x08005304       0x12 ./Drivers/STM32F1xx_HAL_Driver/Src/stm32f1xx_hal_spi.o
                0x08005304                HAL_SPI_TxRxCpltCallback
 .text.HAL_SPI_ErrorCallback
                0x08005316       0x12 ./Drivers/STM32F1xx_HAL_Driver/Src/stm32f1xx_hal_spi.o
                0x08005316                HAL_SPI_ErrorCallback
 .text.HAL_SPI_GetError
                0x08005328       0x16 ./Drivers/STM32F1xx_HAL_Driver/Src/stm32f1xx_hal_spi.o
                0x08005328                HAL_SPI_GetError
 .text.SPI_DMAAbortOnError
                0x0800533e       0x28 ./Drivers/STM32F1xx_HAL_Driver/Src/stm32f1xx_hal_spi.o
 .text.SPI_2linesRxISR_8BIT
                0x08005366       0x64 ./Drivers/STM32F1xx_HAL_Driver/Src/stm32f1xx_hal_spi.o
 .text.SPI_2linesTxISR_8BIT
                0x080053ca       0x60 ./Drivers/STM32F1xx_HAL_Driver/Src/stm32f1xx_hal_spi.o
 .text.SPI_2linesRxISR_16BIT
                0x0800542a       0x60 ./Drivers/STM32F1xx_HAL_Driver/Src/stm32f1xx_hal_spi.o
 .text.SPI_2linesTxISR_16BIT
                0x0800548a       0x5e ./Drivers/STM32F1xx_HAL_Driver/Src/stm32f1xx_hal_spi.o
 .text.SPI_RxISR_8BIT
                0x080054e8       0x4a ./Drivers/STM32F1xx_HAL_Driver/Src/stm32f1xx_hal_spi.o
 .text.SPI_RxISR_16BIT
                0x08005532       0x46 ./Drivers/STM32F1xx_HAL_Driver/Src/stm32f1xx_hal_spi.o
 .text.SPI_WaitFlagStateUntilTimeout
                0x08005578      0x110 ./Drivers/STM32F1xx_HAL_Driver/Src/stm32f1xx_hal_spi.o
 .text.SPI_EndRxTransaction
                0x08005688       0xa4 ./Drivers/STM32F1xx_HAL_Driver/Src/stm32f1xx_hal_spi.o
 .text.SPI_EndRxTxTransaction
                0x0800572c       0x62 ./Drivers/STM32F1xx_HAL_Driver/Src/stm32f1xx_hal_spi.o
 *fill*         0x0800578e        0x2 
 .text.SPI_CloseRxTx_ISR
                0x08005790       0xe8 ./Drivers/STM32F1xx_HAL_Driver/Src/stm32f1xx_hal_spi.o
 .text.SPI_CloseRx_ISR
                0x08005878       0x7e ./Drivers/STM32F1xx_HAL_Driver/Src/stm32f1xx_hal_spi.o
 .text.HAL_TIM_Base_Init
                0x080058f6       0x9e ./Drivers/STM32F1xx_HAL_Driver/Src/stm32f1xx_hal_tim.o
                0x080058f6                HAL_TIM_Base_Init
 .text.HAL_TIM_Base_Start_IT
                0x08005994       0xa4 ./Drivers/STM32F1xx_HAL_Driver/Src/stm32f1xx_hal_tim.o
                0x08005994                HAL_TIM_Base_Start_IT
 .text.HAL_TIM_IRQHandler
                0x08005a38      0x1e0 ./Drivers/STM32F1xx_HAL_Driver/Src/stm32f1xx_hal_tim.o
                0x08005a38                HAL_TIM_IRQHandler
 .text.HAL_TIM_ConfigClockSource
                0x08005c18      0x18e ./Drivers/STM32F1xx_HAL_Driver/Src/stm32f1xx_hal_tim.o
                0x08005c18                HAL_TIM_ConfigClockSource
 .text.HAL_TIM_OC_DelayElapsedCallback
                0x08005da6       0x12 ./Drivers/STM32F1xx_HAL_Driver/Src/stm32f1xx_hal_tim.o
                0x08005da6                HAL_TIM_OC_DelayElapsedCallback
 .text.HAL_TIM_IC_CaptureCallback
                0x08005db8       0x12 ./Drivers/STM32F1xx_HAL_Driver/Src/stm32f1xx_hal_tim.o
                0x08005db8                HAL_TIM_IC_CaptureCallback
 .text.HAL_TIM_PWM_PulseFinishedCallback
                0x08005dca       0x12 ./Drivers/STM32F1xx_HAL_Driver/Src/stm32f1xx_hal_tim.o
                0x08005dca                HAL_TIM_PWM_PulseFinishedCallback
 .text.HAL_TIM_TriggerCallback
                0x08005ddc       0x12 ./Drivers/STM32F1xx_HAL_Driver/Src/stm32f1xx_hal_tim.o
                0x08005ddc                HAL_TIM_TriggerCallback
 *fill*         0x08005dee        0x2 
 .text.TIM_Base_SetConfig
                0x08005df0       0xdc ./Drivers/STM32F1xx_HAL_Driver/Src/stm32f1xx_hal_tim.o
                0x08005df0                TIM_Base_SetConfig
 .text.TIM_TI1_ConfigInputStage
                0x08005ecc       0x5c ./Drivers/STM32F1xx_HAL_Driver/Src/stm32f1xx_hal_tim.o
 .text.TIM_TI2_ConfigInputStage
                0x08005f28       0x5e ./Drivers/STM32F1xx_HAL_Driver/Src/stm32f1xx_hal_tim.o
 .text.TIM_ITRx_SetConfig
                0x08005f86       0x34 ./Drivers/STM32F1xx_HAL_Driver/Src/stm32f1xx_hal_tim.o
 .text.TIM_ETR_SetConfig
                0x08005fba       0x3e ./Drivers/STM32F1xx_HAL_Driver/Src/stm32f1xx_hal_tim.o
                0x08005fba                TIM_ETR_SetConfig
 .text.HAL_TIMEx_MasterConfigSynchronization
                0x08005ff8       0xbc ./Drivers/STM32F1xx_HAL_Driver/Src/stm32f1xx_hal_tim_ex.o
                0x08005ff8                HAL_TIMEx_MasterConfigSynchronization
 .text.HAL_TIMEx_CommutCallback
                0x080060b4       0x12 ./Drivers/STM32F1xx_HAL_Driver/Src/stm32f1xx_hal_tim_ex.o
                0x080060b4                HAL_TIMEx_CommutCallback
 .text.HAL_TIMEx_BreakCallback
                0x080060c6       0x12 ./Drivers/STM32F1xx_HAL_Driver/Src/stm32f1xx_hal_tim_ex.o
                0x080060c6                HAL_TIMEx_BreakCallback
 .text.HAL_UART_Init
                0x080060d8       0xa0 ./Drivers/STM32F1xx_HAL_Driver/Src/stm32f1xx_hal_uart.o
                0x080060d8                HAL_UART_Init
 .text.HAL_UART_DeInit
                0x08006178       0x64 ./Drivers/STM32F1xx_HAL_Driver/Src/stm32f1xx_hal_uart.o
                0x08006178                HAL_UART_DeInit
 .text.HAL_UART_Receive
                0x080061dc      0x12e ./Drivers/STM32F1xx_HAL_Driver/Src/stm32f1xx_hal_uart.o
                0x080061dc                HAL_UART_Receive
 .text.HAL_UART_Receive_IT
                0x0800630a       0x4a ./Drivers/STM32F1xx_HAL_Driver/Src/stm32f1xx_hal_uart.o
                0x0800630a                HAL_UART_Receive_IT
 .text.HAL_UART_IRQHandler
                0x08006354      0x524 ./Drivers/STM32F1xx_HAL_Driver/Src/stm32f1xx_hal_uart.o
                0x08006354                HAL_UART_IRQHandler
 .text.HAL_UART_TxCpltCallback
                0x08006878       0x12 ./Drivers/STM32F1xx_HAL_Driver/Src/stm32f1xx_hal_uart.o
                0x08006878                HAL_UART_TxCpltCallback
 .text.HAL_UART_ErrorCallback
                0x0800688a       0x12 ./Drivers/STM32F1xx_HAL_Driver/Src/stm32f1xx_hal_uart.o
                0x0800688a                HAL_UART_ErrorCallback
 .text.HAL_UARTEx_RxEventCallback
                0x0800689c       0x16 ./Drivers/STM32F1xx_HAL_Driver/Src/stm32f1xx_hal_uart.o
                0x0800689c                HAL_UARTEx_RxEventCallback
 .text.HAL_UART_GetError
                0x080068b2       0x16 ./Drivers/STM32F1xx_HAL_Driver/Src/stm32f1xx_hal_uart.o
                0x080068b2                HAL_UART_GetError
 .text.UART_WaitOnFlagUntilTimeout
                0x080068c8       0xb2 ./Drivers/STM32F1xx_HAL_Driver/Src/stm32f1xx_hal_uart.o
 .text.UART_Start_Receive_IT
                0x0800697a       0x72 ./Drivers/STM32F1xx_HAL_Driver/Src/stm32f1xx_hal_uart.o
                0x0800697a                UART_Start_Receive_IT
 .text.UART_EndRxTransfer
                0x080069ec       0xc4 ./Drivers/STM32F1xx_HAL_Driver/Src/stm32f1xx_hal_uart.o
 .text.UART_DMAAbortOnError
                0x08006ab0       0x28 ./Drivers/STM32F1xx_HAL_Driver/Src/stm32f1xx_hal_uart.o
 .text.UART_Transmit_IT
                0x08006ad8       0x9e ./Drivers/STM32F1xx_HAL_Driver/Src/stm32f1xx_hal_uart.o
 .text.UART_EndTransmit_IT
                0x08006b76       0x30 ./Drivers/STM32F1xx_HAL_Driver/Src/stm32f1xx_hal_uart.o
 .text.UART_Receive_IT
                0x08006ba6      0x17c ./Drivers/STM32F1xx_HAL_Driver/Src/stm32f1xx_hal_uart.o
 *fill*         0x08006d22        0x2 
 .text.UART_SetConfig
                0x08006d24      0x11c ./Drivers/STM32F1xx_HAL_Driver/Src/stm32f1xx_hal_uart.o
 .text.malloc   0x08006e40       0x10 D:/STM32CubeIde/STM32CubeIDE_1.17.0/STM32CubeIDE/plugins/com.st.stm32cube.ide.mcu.externaltools.gnu-tools-for-stm32.12.3.rel1.win32_1.1.0.202410251130/tools/bin/../lib/gcc/arm-none-eabi/12.3.1/../../../../arm-none-eabi/lib/thumb/v7-m/nofp\libc_nano.a(libc_a-malloc.o)
                0x08006e40                malloc
 .text.free     0x08006e50       0x10 D:/STM32CubeIde/STM32CubeIDE_1.17.0/STM32CubeIDE/plugins/com.st.stm32cube.ide.mcu.externaltools.gnu-tools-for-stm32.12.3.rel1.win32_1.1.0.202410251130/tools/bin/../lib/gcc/arm-none-eabi/12.3.1/../../../../arm-none-eabi/lib/thumb/v7-m/nofp\libc_nano.a(libc_a-malloc.o)
                0x08006e50                free
 .text.sbrk_aligned
                0x08006e60       0x44 D:/STM32CubeIde/STM32CubeIDE_1.17.0/STM32CubeIDE/plugins/com.st.stm32cube.ide.mcu.externaltools.gnu-tools-for-stm32.12.3.rel1.win32_1.1.0.202410251130/tools/bin/../lib/gcc/arm-none-eabi/12.3.1/../../../../arm-none-eabi/lib/thumb/v7-m/nofp\libc_nano.a(libc_a-mallocr.o)
 .text._malloc_r
                0x08006ea4      0x100 D:/STM32CubeIde/STM32CubeIDE_1.17.0/STM32CubeIDE/plugins/com.st.stm32cube.ide.mcu.externaltools.gnu-tools-for-stm32.12.3.rel1.win32_1.1.0.202410251130/tools/bin/../lib/gcc/arm-none-eabi/12.3.1/../../../../arm-none-eabi/lib/thumb/v7-m/nofp\libc_nano.a(libc_a-mallocr.o)
                0x08006ea4                _malloc_r
 .text.__malloc_lock
                0x08006fa4        0xc D:/STM32CubeIde/STM32CubeIDE_1.17.0/STM32CubeIDE/plugins/com.st.stm32cube.ide.mcu.externaltools.gnu-tools-for-stm32.12.3.rel1.win32_1.1.0.202410251130/tools/bin/../lib/gcc/arm-none-eabi/12.3.1/../../../../arm-none-eabi/lib/thumb/v7-m/nofp\libc_nano.a(libc_a-mlock.o)
                0x08006fa4                __malloc_lock
 .text.__malloc_unlock
                0x08006fb0        0xc D:/STM32CubeIde/STM32CubeIDE_1.17.0/STM32CubeIDE/plugins/com.st.stm32cube.ide.mcu.externaltools.gnu-tools-for-stm32.12.3.rel1.win32_1.1.0.202410251130/tools/bin/../lib/gcc/arm-none-eabi/12.3.1/../../../../arm-none-eabi/lib/thumb/v7-m/nofp\libc_nano.a(libc_a-mlock.o)
                0x08006fb0                __malloc_unlock
 .text.memset   0x08006fbc       0x10 D:/STM32CubeIde/STM32CubeIDE_1.17.0/STM32CubeIDE/plugins/com.st.stm32cube.ide.mcu.externaltools.gnu-tools-for-stm32.12.3.rel1.win32_1.1.0.202410251130/tools/bin/../lib/gcc/arm-none-eabi/12.3.1/../../../../arm-none-eabi/lib/thumb/v7-m/nofp\libc_nano.a(libc_a-memset.o)
                0x08006fbc                memset
 .text._sbrk_r  0x08006fcc       0x20 D:/STM32CubeIde/STM32CubeIDE_1.17.0/STM32CubeIDE/plugins/com.st.stm32cube.ide.mcu.externaltools.gnu-tools-for-stm32.12.3.rel1.win32_1.1.0.202410251130/tools/bin/../lib/gcc/arm-none-eabi/12.3.1/../../../../arm-none-eabi/lib/thumb/v7-m/nofp\libc_nano.a(libc_a-sbrkr.o)
                0x08006fcc                _sbrk_r
 .text.__errno  0x08006fec        0xc D:/STM32CubeIde/STM32CubeIDE_1.17.0/STM32CubeIDE/plugins/com.st.stm32cube.ide.mcu.externaltools.gnu-tools-for-stm32.12.3.rel1.win32_1.1.0.202410251130/tools/bin/../lib/gcc/arm-none-eabi/12.3.1/../../../../arm-none-eabi/lib/thumb/v7-m/nofp\libc_nano.a(libc_a-errno.o)
                0x08006fec                __errno
 .text.__libc_init_array
                0x08006ff8       0x48 D:/STM32CubeIde/STM32CubeIDE_1.17.0/STM32CubeIDE/plugins/com.st.stm32cube.ide.mcu.externaltools.gnu-tools-for-stm32.12.3.rel1.win32_1.1.0.202410251130/tools/bin/../lib/gcc/arm-none-eabi/12.3.1/../../../../arm-none-eabi/lib/thumb/v7-m/nofp\libc_nano.a(libc_a-init.o)
                0x08006ff8                __libc_init_array
 .text.__retarget_lock_acquire_recursive
                0x08007040        0x2 D:/STM32CubeIde/STM32CubeIDE_1.17.0/STM32CubeIDE/plugins/com.st.stm32cube.ide.mcu.externaltools.gnu-tools-for-stm32.12.3.rel1.win32_1.1.0.202410251130/tools/bin/../lib/gcc/arm-none-eabi/12.3.1/../../../../arm-none-eabi/lib/thumb/v7-m/nofp\libc_nano.a(libc_a-lock.o)
                0x08007040                __retarget_lock_acquire_recursive
 .text.__retarget_lock_release_recursive
                0x08007042        0x2 D:/STM32CubeIde/STM32CubeIDE_1.17.0/STM32CubeIDE/plugins/com.st.stm32cube.ide.mcu.externaltools.gnu-tools-for-stm32.12.3.rel1.win32_1.1.0.202410251130/tools/bin/../lib/gcc/arm-none-eabi/12.3.1/../../../../arm-none-eabi/lib/thumb/v7-m/nofp\libc_nano.a(libc_a-lock.o)
                0x08007042                __retarget_lock_release_recursive
 .text._free_r  0x08007044       0x90 D:/STM32CubeIde/STM32CubeIDE_1.17.0/STM32CubeIDE/plugins/com.st.stm32cube.ide.mcu.externaltools.gnu-tools-for-stm32.12.3.rel1.win32_1.1.0.202410251130/tools/bin/../lib/gcc/arm-none-eabi/12.3.1/../../../../arm-none-eabi/lib/thumb/v7-m/nofp\libc_nano.a(libc_a-freer.o)
                0x08007044                _free_r
 *(.glue_7)
 .glue_7        0x080070d4        0x0 linker stubs
 *(.glue_7t)
 .glue_7t       0x080070d4        0x0 linker stubs
 *(.eh_frame)
 .eh_frame      0x080070d4        0x0 D:/STM32CubeIde/STM32CubeIDE_1.17.0/STM32CubeIDE/plugins/com.st.stm32cube.ide.mcu.externaltools.gnu-tools-for-stm32.12.3.rel1.win32_1.1.0.202410251130/tools/bin/../lib/gcc/arm-none-eabi/12.3.1/thumb/v7-m/nofp/crtbegin.o
 *(.init)
 .init          0x080070d4        0x4 D:/STM32CubeIde/STM32CubeIDE_1.17.0/STM32CubeIDE/plugins/com.st.stm32cube.ide.mcu.externaltools.gnu-tools-for-stm32.12.3.rel1.win32_1.1.0.202410251130/tools/bin/../lib/gcc/arm-none-eabi/12.3.1/thumb/v7-m/nofp/crti.o
                0x080070d4                _init
 .init          0x080070d8        0x8 D:/STM32CubeIde/STM32CubeIDE_1.17.0/STM32CubeIDE/plugins/com.st.stm32cube.ide.mcu.externaltools.gnu-tools-for-stm32.12.3.rel1.win32_1.1.0.202410251130/tools/bin/../lib/gcc/arm-none-eabi/12.3.1/thumb/v7-m/nofp/crtn.o
 *(.fini)
 .fini          0x080070e0        0x4 D:/STM32CubeIde/STM32CubeIDE_1.17.0/STM32CubeIDE/plugins/com.st.stm32cube.ide.mcu.externaltools.gnu-tools-for-stm32.12.3.rel1.win32_1.1.0.202410251130/tools/bin/../lib/gcc/arm-none-eabi/12.3.1/thumb/v7-m/nofp/crti.o
                0x080070e0                _fini
 .fini          0x080070e4        0x8 D:/STM32CubeIde/STM32CubeIDE_1.17.0/STM32CubeIDE/plugins/com.st.stm32cube.ide.mcu.externaltools.gnu-tools-for-stm32.12.3.rel1.win32_1.1.0.202410251130/tools/bin/../lib/gcc/arm-none-eabi/12.3.1/thumb/v7-m/nofp/crtn.o
                0x080070ec                        . = ALIGN (0x4)
                0x080070ec                        _etext = .

.vfp11_veneer   0x080070ec        0x0
 .vfp11_veneer  0x080070ec        0x0 linker stubs

.v4_bx          0x080070ec        0x0
 .v4_bx         0x080070ec        0x0 linker stubs

.iplt           0x080070ec        0x0
 .iplt          0x080070ec        0x0 D:/STM32CubeIde/STM32CubeIDE_1.17.0/STM32CubeIDE/plugins/com.st.stm32cube.ide.mcu.externaltools.gnu-tools-for-stm32.12.3.rel1.win32_1.1.0.202410251130/tools/bin/../lib/gcc/arm-none-eabi/12.3.1/thumb/v7-m/nofp/crtbegin.o

.rodata         0x080070ec       0x2c
                0x080070ec                        . = ALIGN (0x4)
 *(.rodata)
 *(.rodata*)
 .rodata.AHBPrescTable
                0x080070ec       0x10 ./Core/Src/system_stm32f1xx.o
                0x080070ec                AHBPrescTable
 .rodata.APBPrescTable
                0x080070fc        0x8 ./Core/Src/system_stm32f1xx.o
                0x080070fc                APBPrescTable
 .rodata.aPLLMULFactorTable.1
                0x08007104       0x10 ./Drivers/STM32F1xx_HAL_Driver/Src/stm32f1xx_hal_rcc.o
 .rodata.aPredivFactorTable.0
                0x08007114        0x2 ./Drivers/STM32F1xx_HAL_Driver/Src/stm32f1xx_hal_rcc.o
                0x08007118                        . = ALIGN (0x4)
 *fill*         0x08007116        0x2 

.ARM.extab      0x08007118        0x0
                0x08007118                        . = ALIGN (0x4)
 *(.ARM.extab* .gnu.linkonce.armextab.*)
                0x08007118                        . = ALIGN (0x4)

.ARM            0x08007118        0x0
                0x08007118                        . = ALIGN (0x4)
                0x08007118                        __exidx_start = .
 *(.ARM.exidx*)
                0x08007118                        __exidx_end = .
                0x08007118                        . = ALIGN (0x4)

.preinit_array  0x08007118        0x0
                0x08007118                        . = ALIGN (0x4)
                0x08007118                        PROVIDE (__preinit_array_start = .)
 *(.preinit_array*)
                0x08007118                        PROVIDE (__preinit_array_end = .)
                0x08007118                        . = ALIGN (0x4)

.init_array     0x08007118        0x4
                0x08007118                        . = ALIGN (0x4)
                0x08007118                        PROVIDE (__init_array_start = .)
 *(SORT_BY_NAME(.init_array.*))
 *(.init_array*)
 .init_array    0x08007118        0x4 D:/STM32CubeIde/STM32CubeIDE_1.17.0/STM32CubeIDE/plugins/com.st.stm32cube.ide.mcu.externaltools.gnu-tools-for-stm32.12.3.rel1.win32_1.1.0.202410251130/tools/bin/../lib/gcc/arm-none-eabi/12.3.1/thumb/v7-m/nofp/crtbegin.o
                0x0800711c                        PROVIDE (__init_array_end = .)
                0x0800711c                        . = ALIGN (0x4)

.fini_array     0x0800711c        0x4
                0x0800711c                        . = ALIGN (0x4)
                [!provide]                        PROVIDE (__fini_array_start = .)
 *(SORT_BY_NAME(.fini_array.*))
 *(.fini_array*)
 .fini_array    0x0800711c        0x4 D:/STM32CubeIde/STM32CubeIDE_1.17.0/STM32CubeIDE/plugins/com.st.stm32cube.ide.mcu.externaltools.gnu-tools-for-stm32.12.3.rel1.win32_1.1.0.202410251130/tools/bin/../lib/gcc/arm-none-eabi/12.3.1/thumb/v7-m/nofp/crtbegin.o
                [!provide]                        PROVIDE (__fini_array_end = .)
                0x08007120                        . = ALIGN (0x4)
                0x08007120                        _sidata = LOADADDR (.data)

.rel.dyn        0x08007120        0x0
 .rel.iplt      0x08007120        0x0 D:/STM32CubeIde/STM32CubeIDE_1.17.0/STM32CubeIDE/plugins/com.st.stm32cube.ide.mcu.externaltools.gnu-tools-for-stm32.12.3.rel1.win32_1.1.0.202410251130/tools/bin/../lib/gcc/arm-none-eabi/12.3.1/thumb/v7-m/nofp/crtbegin.o

.data           0x20000000       0x60 load address 0x08007120
                0x20000000                        . = ALIGN (0x4)
                0x20000000                        _sdata = .
 *(.data)
 *(.data*)
 .data.Com_Send_Signal
                0x20000000        0x1 ./Core/Src/Hardware_Interface_Layer.o
                0x20000000                Com_Send_Signal
 .data.Com_Receive_Signal
                0x20000001        0x1 ./Core/Src/Hardware_Interface_Layer.o
                0x20000001                Com_Receive_Signal
 *fill*         0x20000002        0x2 
 .data.SystemCoreClock
                0x20000004        0x4 ./Core/Src/system_stm32f1xx.o
                0x20000004                SystemCoreClock
 .data.uwTickPrio
                0x20000008        0x4 ./Drivers/STM32F1xx_HAL_Driver/Src/stm32f1xx_hal.o
                0x20000008                uwTickPrio
 .data.uwTickFreq
                0x2000000c        0x1 ./Drivers/STM32F1xx_HAL_Driver/Src/stm32f1xx_hal.o
                0x2000000c                uwTickFreq
 *fill*         0x2000000d        0x3 
 .data._impure_ptr
                0x20000010        0x4 D:/STM32CubeIde/STM32CubeIDE_1.17.0/STM32CubeIDE/plugins/com.st.stm32cube.ide.mcu.externaltools.gnu-tools-for-stm32.12.3.rel1.win32_1.1.0.202410251130/tools/bin/../lib/gcc/arm-none-eabi/12.3.1/../../../../arm-none-eabi/lib/thumb/v7-m/nofp\libc_nano.a(libc_a-impure.o)
                0x20000010                _impure_ptr
 .data._impure_data
                0x20000014       0x4c D:/STM32CubeIde/STM32CubeIDE_1.17.0/STM32CubeIDE/plugins/com.st.stm32cube.ide.mcu.externaltools.gnu-tools-for-stm32.12.3.rel1.win32_1.1.0.202410251130/tools/bin/../lib/gcc/arm-none-eabi/12.3.1/../../../../arm-none-eabi/lib/thumb/v7-m/nofp\libc_nano.a(libc_a-impure.o)
                0x20000014                _impure_data
 *(.RamFunc)
 *(.RamFunc*)
                0x20000060                        . = ALIGN (0x4)
                0x20000060                        _edata = .

.igot.plt       0x20000060        0x0 load address 0x08007180
 .igot.plt      0x20000060        0x0 D:/STM32CubeIde/STM32CubeIDE_1.17.0/STM32CubeIDE/plugins/com.st.stm32cube.ide.mcu.externaltools.gnu-tools-for-stm32.12.3.rel1.win32_1.1.0.202410251130/tools/bin/../lib/gcc/arm-none-eabi/12.3.1/thumb/v7-m/nofp/crtbegin.o
                0x20000060                        . = ALIGN (0x4)

.bss            0x20000060      0x5e0 load address 0x08007180
                0x20000060                        _sbss = .
                0x20000060                        __bss_start__ = _sbss
 *(.bss)
 .bss           0x20000060       0x1c D:/STM32CubeIde/STM32CubeIDE_1.17.0/STM32CubeIDE/plugins/com.st.stm32cube.ide.mcu.externaltools.gnu-tools-for-stm32.12.3.rel1.win32_1.1.0.202410251130/tools/bin/../lib/gcc/arm-none-eabi/12.3.1/thumb/v7-m/nofp/crtbegin.o
 *(.bss*)
 .bss.i2c_en    0x2000007c        0x1 ./Core/Src/Hardware_Interface_Layer.o
                0x2000007c                i2c_en
 .bss.spi_en    0x2000007d        0x1 ./Core/Src/Hardware_Interface_Layer.o
                0x2000007d                spi_en
 .bss.uart_en   0x2000007e        0x1 ./Core/Src/Hardware_Interface_Layer.o
                0x2000007e                uart_en
 .bss.RS485_en  0x2000007f        0x1 ./Core/Src/Hardware_Interface_Layer.o
                0x2000007f                RS485_en
 .bss.hw_tim    0x20000080       0x48 ./Core/Src/Hardware_Interface_Layer.o
                0x20000080                hw_tim
 .bss.Received_Flag
                0x200000c8        0x1 ./Core/Src/Hardware_Interface_Layer.o
                0x200000c8                Received_Flag
 *fill*         0x200000c9        0x1 
 .bss.prev_i2c_slave_address
                0x200000ca        0x2 ./Core/Src/Hardware_Interface_Layer.o
                0x200000ca                prev_i2c_slave_address
 .bss.Com       0x200000cc      0x15c ./Core/Src/Hardware_Interface_Layer.o
                0x200000cc                Com
 .bss.count     0x20000228        0x4 ./Core/Src/Hardware_Interface_Layer.o
                0x20000228                count
 .bss.Header_Buffer
                0x2000022c       0x40 ./Core/Src/Hardware_Interface_Layer.o
                0x2000022c                Header_Buffer
 .bss.hi2c1     0x2000026c       0x54 ./Core/Src/main.o
                0x2000026c                hi2c1
 .bss.hi2c2     0x200002c0       0x54 ./Core/Src/main.o
                0x200002c0                hi2c2
 .bss.hspi1     0x20000314       0x58 ./Core/Src/main.o
                0x20000314                hspi1
 .bss.hspi2     0x2000036c       0x58 ./Core/Src/main.o
                0x2000036c                hspi2
 .bss.htim2     0x200003c4       0x48 ./Core/Src/main.o
                0x200003c4                htim2
 .bss.huart1    0x2000040c       0x48 ./Core/Src/main.o
                0x2000040c                huart1
 .bss.huart2    0x20000454       0x48 ./Core/Src/main.o
                0x20000454                huart2
 .bss.tim       0x2000049c        0x4 ./Core/Src/softwareTimer.o
                0x2000049c                tim
 .bss.timerCount
                0x200004a0       0x28 ./Core/Src/softwareTimer.o
                0x200004a0                timerCount
 .bss.timerFlag
                0x200004c8       0x28 ./Core/Src/softwareTimer.o
                0x200004c8                timerFlag
 .bss.__sbrk_heap_end
                0x200004f0        0x4 ./Core/Src/sysmem.o
 .bss.uwTick    0x200004f4        0x4 ./Drivers/STM32F1xx_HAL_Driver/Src/stm32f1xx_hal.o
                0x200004f4                uwTick
 .bss.__malloc_sbrk_start
                0x200004f8        0x4 D:/STM32CubeIde/STM32CubeIDE_1.17.0/STM32CubeIDE/plugins/com.st.stm32cube.ide.mcu.externaltools.gnu-tools-for-stm32.12.3.rel1.win32_1.1.0.202410251130/tools/bin/../lib/gcc/arm-none-eabi/12.3.1/../../../../arm-none-eabi/lib/thumb/v7-m/nofp\libc_nano.a(libc_a-mallocr.o)
                0x200004f8                __malloc_sbrk_start
 .bss.__malloc_free_list
                0x200004fc        0x4 D:/STM32CubeIde/STM32CubeIDE_1.17.0/STM32CubeIDE/plugins/com.st.stm32cube.ide.mcu.externaltools.gnu-tools-for-stm32.12.3.rel1.win32_1.1.0.202410251130/tools/bin/../lib/gcc/arm-none-eabi/12.3.1/../../../../arm-none-eabi/lib/thumb/v7-m/nofp\libc_nano.a(libc_a-mallocr.o)
                0x200004fc                __malloc_free_list
 .bss.__sf      0x20000500      0x138 D:/STM32CubeIde/STM32CubeIDE_1.17.0/STM32CubeIDE/plugins/com.st.stm32cube.ide.mcu.externaltools.gnu-tools-for-stm32.12.3.rel1.win32_1.1.0.202410251130/tools/bin/../lib/gcc/arm-none-eabi/12.3.1/../../../../arm-none-eabi/lib/thumb/v7-m/nofp\libc_nano.a(libc_a-findfp.o)
                0x20000500                __sf
 .bss.errno     0x20000638        0x4 D:/STM32CubeIde/STM32CubeIDE_1.17.0/STM32CubeIDE/plugins/com.st.stm32cube.ide.mcu.externaltools.gnu-tools-for-stm32.12.3.rel1.win32_1.1.0.202410251130/tools/bin/../lib/gcc/arm-none-eabi/12.3.1/../../../../arm-none-eabi/lib/thumb/v7-m/nofp\libc_nano.a(libc_a-reent.o)
                0x20000638                errno
 .bss.__lock___malloc_recursive_mutex
                0x2000063c        0x1 D:/STM32CubeIde/STM32CubeIDE_1.17.0/STM32CubeIDE/plugins/com.st.stm32cube.ide.mcu.externaltools.gnu-tools-for-stm32.12.3.rel1.win32_1.1.0.202410251130/tools/bin/../lib/gcc/arm-none-eabi/12.3.1/../../../../arm-none-eabi/lib/thumb/v7-m/nofp\libc_nano.a(libc_a-lock.o)
                0x2000063c                __lock___malloc_recursive_mutex
 *(COMMON)
                0x20000640                        . = ALIGN (0x4)
 *fill*         0x2000063d        0x3 
                0x20000640                        _ebss = .
                0x20000640                        __bss_end__ = _ebss

._user_heap_stack
                0x20000640      0x600 load address 0x08007180
                0x20000640                        . = ALIGN (0x8)
                [!provide]                        PROVIDE (end = .)
                0x20000640                        PROVIDE (_end = .)
                0x20000840                        . = (. + _Min_Heap_Size)
 *fill*         0x20000640      0x200 
                0x20000c40                        . = (. + _Min_Stack_Size)
 *fill*         0x20000840      0x400 
                0x20000c40                        . = ALIGN (0x8)

/DISCARD/
 libc.a(*)
 libm.a(*)
 libgcc.a(*)

.ARM.attributes
                0x00000000       0x29
 *(.ARM.attributes)
 .ARM.attributes
                0x00000000       0x1d D:/STM32CubeIde/STM32CubeIDE_1.17.0/STM32CubeIDE/plugins/com.st.stm32cube.ide.mcu.externaltools.gnu-tools-for-stm32.12.3.rel1.win32_1.1.0.202410251130/tools/bin/../lib/gcc/arm-none-eabi/12.3.1/thumb/v7-m/nofp/crti.o
 .ARM.attributes
                0x0000001d       0x2d D:/STM32CubeIde/STM32CubeIDE_1.17.0/STM32CubeIDE/plugins/com.st.stm32cube.ide.mcu.externaltools.gnu-tools-for-stm32.12.3.rel1.win32_1.1.0.202410251130/tools/bin/../lib/gcc/arm-none-eabi/12.3.1/thumb/v7-m/nofp/crtbegin.o
 .ARM.attributes
                0x0000004a       0x2d ./Core/Src/Hardware_Interface_Layer.o
 .ARM.attributes
                0x00000077       0x2d ./Core/Src/main.o
 .ARM.attributes
                0x000000a4       0x2d ./Core/Src/softwareTimer.o
 .ARM.attributes
                0x000000d1       0x2d ./Core/Src/stm32f1xx_hal_msp.o
 .ARM.attributes
                0x000000fe       0x2d ./Core/Src/stm32f1xx_it.o
 .ARM.attributes
                0x0000012b       0x2d ./Core/Src/sysmem.o
 .ARM.attributes
                0x00000158       0x2d ./Core/Src/system_stm32f1xx.o
 .ARM.attributes
                0x00000185       0x21 ./Core/Startup/startup_stm32f103c8tx.o
 .ARM.attributes
                0x000001a6       0x2d ./Drivers/STM32F1xx_HAL_Driver/Src/stm32f1xx_hal.o
 .ARM.attributes
                0x000001d3       0x2d ./Drivers/STM32F1xx_HAL_Driver/Src/stm32f1xx_hal_cortex.o
 .ARM.attributes
                0x00000200       0x2d ./Drivers/STM32F1xx_HAL_Driver/Src/stm32f1xx_hal_dma.o
 .ARM.attributes
                0x0000022d       0x2d ./Drivers/STM32F1xx_HAL_Driver/Src/stm32f1xx_hal_gpio.o
 .ARM.attributes
                0x0000025a       0x2d ./Drivers/STM32F1xx_HAL_Driver/Src/stm32f1xx_hal_i2c.o
 .ARM.attributes
                0x00000287       0x2d ./Drivers/STM32F1xx_HAL_Driver/Src/stm32f1xx_hal_rcc.o
 .ARM.attributes
                0x000002b4       0x2d ./Drivers/STM32F1xx_HAL_Driver/Src/stm32f1xx_hal_spi.o
 .ARM.attributes
                0x000002e1       0x2d ./Drivers/STM32F1xx_HAL_Driver/Src/stm32f1xx_hal_tim.o
 .ARM.attributes
                0x0000030e       0x2d ./Drivers/STM32F1xx_HAL_Driver/Src/stm32f1xx_hal_tim_ex.o
 .ARM.attributes
                0x0000033b       0x2d ./Drivers/STM32F1xx_HAL_Driver/Src/stm32f1xx_hal_uart.o
 .ARM.attributes
                0x00000368       0x2d D:/STM32CubeIde/STM32CubeIDE_1.17.0/STM32CubeIDE/plugins/com.st.stm32cube.ide.mcu.externaltools.gnu-tools-for-stm32.12.3.rel1.win32_1.1.0.202410251130/tools/bin/../lib/gcc/arm-none-eabi/12.3.1/../../../../arm-none-eabi/lib/thumb/v7-m/nofp\libc_nano.a(libc_a-malloc.o)
 .ARM.attributes
                0x00000395       0x2d D:/STM32CubeIde/STM32CubeIDE_1.17.0/STM32CubeIDE/plugins/com.st.stm32cube.ide.mcu.externaltools.gnu-tools-for-stm32.12.3.rel1.win32_1.1.0.202410251130/tools/bin/../lib/gcc/arm-none-eabi/12.3.1/../../../../arm-none-eabi/lib/thumb/v7-m/nofp\libc_nano.a(libc_a-mallocr.o)
 .ARM.attributes
                0x000003c2       0x2d D:/STM32CubeIde/STM32CubeIDE_1.17.0/STM32CubeIDE/plugins/com.st.stm32cube.ide.mcu.externaltools.gnu-tools-for-stm32.12.3.rel1.win32_1.1.0.202410251130/tools/bin/../lib/gcc/arm-none-eabi/12.3.1/../../../../arm-none-eabi/lib/thumb/v7-m/nofp\libc_nano.a(libc_a-mlock.o)
 .ARM.attributes
                0x000003ef       0x2d D:/STM32CubeIde/STM32CubeIDE_1.17.0/STM32CubeIDE/plugins/com.st.stm32cube.ide.mcu.externaltools.gnu-tools-for-stm32.12.3.rel1.win32_1.1.0.202410251130/tools/bin/../lib/gcc/arm-none-eabi/12.3.1/../../../../arm-none-eabi/lib/thumb/v7-m/nofp\libc_nano.a(libc_a-findfp.o)
 .ARM.attributes
                0x0000041c       0x2d D:/STM32CubeIde/STM32CubeIDE_1.17.0/STM32CubeIDE/plugins/com.st.stm32cube.ide.mcu.externaltools.gnu-tools-for-stm32.12.3.rel1.win32_1.1.0.202410251130/tools/bin/../lib/gcc/arm-none-eabi/12.3.1/../../../../arm-none-eabi/lib/thumb/v7-m/nofp\libc_nano.a(libc_a-memset.o)
 .ARM.attributes
                0x00000449       0x2d D:/STM32CubeIde/STM32CubeIDE_1.17.0/STM32CubeIDE/plugins/com.st.stm32cube.ide.mcu.externaltools.gnu-tools-for-stm32.12.3.rel1.win32_1.1.0.202410251130/tools/bin/../lib/gcc/arm-none-eabi/12.3.1/../../../../arm-none-eabi/lib/thumb/v7-m/nofp\libc_nano.a(libc_a-reent.o)
 .ARM.attributes
                0x00000476       0x2d D:/STM32CubeIde/STM32CubeIDE_1.17.0/STM32CubeIDE/plugins/com.st.stm32cube.ide.mcu.externaltools.gnu-tools-for-stm32.12.3.rel1.win32_1.1.0.202410251130/tools/bin/../lib/gcc/arm-none-eabi/12.3.1/../../../../arm-none-eabi/lib/thumb/v7-m/nofp\libc_nano.a(libc_a-impure.o)
 .ARM.attributes
                0x000004a3       0x2d D:/STM32CubeIde/STM32CubeIDE_1.17.0/STM32CubeIDE/plugins/com.st.stm32cube.ide.mcu.externaltools.gnu-tools-for-stm32.12.3.rel1.win32_1.1.0.202410251130/tools/bin/../lib/gcc/arm-none-eabi/12.3.1/../../../../arm-none-eabi/lib/thumb/v7-m/nofp\libc_nano.a(libc_a-sbrkr.o)
 .ARM.attributes
                0x000004d0       0x2d D:/STM32CubeIde/STM32CubeIDE_1.17.0/STM32CubeIDE/plugins/com.st.stm32cube.ide.mcu.externaltools.gnu-tools-for-stm32.12.3.rel1.win32_1.1.0.202410251130/tools/bin/../lib/gcc/arm-none-eabi/12.3.1/../../../../arm-none-eabi/lib/thumb/v7-m/nofp\libc_nano.a(libc_a-errno.o)
 .ARM.attributes
                0x000004fd       0x2d D:/STM32CubeIde/STM32CubeIDE_1.17.0/STM32CubeIDE/plugins/com.st.stm32cube.ide.mcu.externaltools.gnu-tools-for-stm32.12.3.rel1.win32_1.1.0.202410251130/tools/bin/../lib/gcc/arm-none-eabi/12.3.1/../../../../arm-none-eabi/lib/thumb/v7-m/nofp\libc_nano.a(libc_a-init.o)
 .ARM.attributes
                0x0000052a       0x2d D:/STM32CubeIde/STM32CubeIDE_1.17.0/STM32CubeIDE/plugins/com.st.stm32cube.ide.mcu.externaltools.gnu-tools-for-stm32.12.3.rel1.win32_1.1.0.202410251130/tools/bin/../lib/gcc/arm-none-eabi/12.3.1/../../../../arm-none-eabi/lib/thumb/v7-m/nofp\libc_nano.a(libc_a-lock.o)
 .ARM.attributes
                0x00000557       0x2d D:/STM32CubeIde/STM32CubeIDE_1.17.0/STM32CubeIDE/plugins/com.st.stm32cube.ide.mcu.externaltools.gnu-tools-for-stm32.12.3.rel1.win32_1.1.0.202410251130/tools/bin/../lib/gcc/arm-none-eabi/12.3.1/../../../../arm-none-eabi/lib/thumb/v7-m/nofp\libc_nano.a(libc_a-freer.o)
 .ARM.attributes
                0x00000584       0x1d D:/STM32CubeIde/STM32CubeIDE_1.17.0/STM32CubeIDE/plugins/com.st.stm32cube.ide.mcu.externaltools.gnu-tools-for-stm32.12.3.rel1.win32_1.1.0.202410251130/tools/bin/../lib/gcc/arm-none-eabi/12.3.1/thumb/v7-m/nofp/crtn.o
OUTPUT(BKITCOM_Protocol_Layering.elf elf32-littlearm)
LOAD linker stubs
LOAD D:/STM32CubeIde/STM32CubeIDE_1.17.0/STM32CubeIDE/plugins/com.st.stm32cube.ide.mcu.externaltools.gnu-tools-for-stm32.12.3.rel1.win32_1.1.0.202410251130/tools/bin/../lib/gcc/arm-none-eabi/12.3.1/../../../../arm-none-eabi/lib/thumb/v7-m/nofp\libc.a
LOAD D:/STM32CubeIde/STM32CubeIDE_1.17.0/STM32CubeIDE/plugins/com.st.stm32cube.ide.mcu.externaltools.gnu-tools-for-stm32.12.3.rel1.win32_1.1.0.202410251130/tools/bin/../lib/gcc/arm-none-eabi/12.3.1/../../../../arm-none-eabi/lib/thumb/v7-m/nofp\libm.a
LOAD D:/STM32CubeIde/STM32CubeIDE_1.17.0/STM32CubeIDE/plugins/com.st.stm32cube.ide.mcu.externaltools.gnu-tools-for-stm32.12.3.rel1.win32_1.1.0.202410251130/tools/bin/../lib/gcc/arm-none-eabi/12.3.1/thumb/v7-m/nofp\libgcc.a

.debug_info     0x00000000    0x127ed
 .debug_info    0x00000000     0x194b ./Core/Src/Hardware_Interface_Layer.o
 .debug_info    0x0000194b     0x1486 ./Core/Src/main.o
 .debug_info    0x00002dd1      0x767 ./Core/Src/softwareTimer.o
 .debug_info    0x00003538     0x13f4 ./Core/Src/stm32f1xx_hal_msp.o
 .debug_info    0x0000492c      0xef8 ./Core/Src/stm32f1xx_it.o
 .debug_info    0x00005824      0x168 ./Core/Src/sysmem.o
 .debug_info    0x0000598c      0x222 ./Core/Src/system_stm32f1xx.o
 .debug_info    0x00005bae       0x30 ./Core/Startup/startup_stm32f103c8tx.o
 .debug_info    0x00005bde      0x704 ./Drivers/STM32F1xx_HAL_Driver/Src/stm32f1xx_hal.o
 .debug_info    0x000062e2      0xa87 ./Drivers/STM32F1xx_HAL_Driver/Src/stm32f1xx_hal_cortex.o
 .debug_info    0x00006d69      0x6d2 ./Drivers/STM32F1xx_HAL_Driver/Src/stm32f1xx_hal_dma.o
 .debug_info    0x0000743b      0x5ab ./Drivers/STM32F1xx_HAL_Driver/Src/stm32f1xx_hal_gpio.o
 .debug_info    0x000079e6     0x2524 ./Drivers/STM32F1xx_HAL_Driver/Src/stm32f1xx_hal_i2c.o
 .debug_info    0x00009f0a      0x7d5 ./Drivers/STM32F1xx_HAL_Driver/Src/stm32f1xx_hal_rcc.o
 .debug_info    0x0000a6df     0x142d ./Drivers/STM32F1xx_HAL_Driver/Src/stm32f1xx_hal_spi.o
 .debug_info    0x0000bb0c     0x2959 ./Drivers/STM32F1xx_HAL_Driver/Src/stm32f1xx_hal_tim.o
 .debug_info    0x0000e465     0x149b ./Drivers/STM32F1xx_HAL_Driver/Src/stm32f1xx_hal_tim_ex.o
 .debug_info    0x0000f900     0x2eed ./Drivers/STM32F1xx_HAL_Driver/Src/stm32f1xx_hal_uart.o

.debug_abbrev   0x00000000     0x26f2
 .debug_abbrev  0x00000000      0x390 ./Core/Src/Hardware_Interface_Layer.o
 .debug_abbrev  0x00000390      0x2c5 ./Core/Src/main.o
 .debug_abbrev  0x00000655      0x209 ./Core/Src/softwareTimer.o
 .debug_abbrev  0x0000085e      0x21f ./Core/Src/stm32f1xx_hal_msp.o
 .debug_abbrev  0x00000a7d      0x1c7 ./Core/Src/stm32f1xx_it.o
 .debug_abbrev  0x00000c44       0xbc ./Core/Src/sysmem.o
 .debug_abbrev  0x00000d00      0x13f ./Core/Src/system_stm32f1xx.o
 .debug_abbrev  0x00000e3f       0x24 ./Core/Startup/startup_stm32f103c8tx.o
 .debug_abbrev  0x00000e63      0x201 ./Drivers/STM32F1xx_HAL_Driver/Src/stm32f1xx_hal.o
 .debug_abbrev  0x00001064      0x2f8 ./Drivers/STM32F1xx_HAL_Driver/Src/stm32f1xx_hal_cortex.o
 .debug_abbrev  0x0000135c      0x20b ./Drivers/STM32F1xx_HAL_Driver/Src/stm32f1xx_hal_dma.o
 .debug_abbrev  0x00001567      0x1ca ./Drivers/STM32F1xx_HAL_Driver/Src/stm32f1xx_hal_gpio.o
 .debug_abbrev  0x00001731      0x2a3 ./Drivers/STM32F1xx_HAL_Driver/Src/stm32f1xx_hal_i2c.o
 .debug_abbrev  0x000019d4      0x2b3 ./Drivers/STM32F1xx_HAL_Driver/Src/stm32f1xx_hal_rcc.o
 .debug_abbrev  0x00001c87      0x27a ./Drivers/STM32F1xx_HAL_Driver/Src/stm32f1xx_hal_spi.o
 .debug_abbrev  0x00001f01      0x277 ./Drivers/STM32F1xx_HAL_Driver/Src/stm32f1xx_hal_tim.o
 .debug_abbrev  0x00002178      0x282 ./Drivers/STM32F1xx_HAL_Driver/Src/stm32f1xx_hal_tim_ex.o
 .debug_abbrev  0x000023fa      0x2f8 ./Drivers/STM32F1xx_HAL_Driver/Src/stm32f1xx_hal_uart.o

.debug_aranges  0x00000000     0x11d0
 .debug_aranges
                0x00000000       0xb8 ./Core/Src/Hardware_Interface_Layer.o
 .debug_aranges
                0x000000b8       0x70 ./Core/Src/main.o
 .debug_aranges
                0x00000128       0x40 ./Core/Src/softwareTimer.o
 .debug_aranges
                0x00000168       0x60 ./Core/Src/stm32f1xx_hal_msp.o
 .debug_aranges
                0x000001c8       0x98 ./Core/Src/stm32f1xx_it.o
 .debug_aranges
                0x00000260       0x20 ./Core/Src/sysmem.o
 .debug_aranges
                0x00000280       0x28 ./Core/Src/system_stm32f1xx.o
 .debug_aranges
                0x000002a8       0x28 ./Core/Startup/startup_stm32f103c8tx.o
 .debug_aranges
                0x000002d0       0xe0 ./Drivers/STM32F1xx_HAL_Driver/Src/stm32f1xx_hal.o
 .debug_aranges
                0x000003b0      0x100 ./Drivers/STM32F1xx_HAL_Driver/Src/stm32f1xx_hal_cortex.o
 .debug_aranges
                0x000004b0       0x80 ./Drivers/STM32F1xx_HAL_Driver/Src/stm32f1xx_hal_dma.o
 .debug_aranges
                0x00000530       0x58 ./Drivers/STM32F1xx_HAL_Driver/Src/stm32f1xx_hal_gpio.o
 .debug_aranges
                0x00000588      0x2a8 ./Drivers/STM32F1xx_HAL_Driver/Src/stm32f1xx_hal_i2c.o
 .debug_aranges
                0x00000830       0x90 ./Drivers/STM32F1xx_HAL_Driver/Src/stm32f1xx_hal_rcc.o
 .debug_aranges
                0x000008c0      0x1d0 ./Drivers/STM32F1xx_HAL_Driver/Src/stm32f1xx_hal_spi.o
 .debug_aranges
                0x00000a90      0x3d0 ./Drivers/STM32F1xx_HAL_Driver/Src/stm32f1xx_hal_tim.o
 .debug_aranges
                0x00000e60      0x168 ./Drivers/STM32F1xx_HAL_Driver/Src/stm32f1xx_hal_tim_ex.o
 .debug_aranges
                0x00000fc8      0x208 ./Drivers/STM32F1xx_HAL_Driver/Src/stm32f1xx_hal_uart.o

.debug_rnglists
                0x00000000      0xe17
 .debug_rnglists
                0x00000000       0x8e ./Core/Src/Hardware_Interface_Layer.o
 .debug_rnglists
                0x0000008e       0x52 ./Core/Src/main.o
 .debug_rnglists
                0x000000e0       0x2b ./Core/Src/softwareTimer.o
 .debug_rnglists
                0x0000010b       0x47 ./Core/Src/stm32f1xx_hal_msp.o
 .debug_rnglists
                0x00000152       0x6d ./Core/Src/stm32f1xx_it.o
 .debug_rnglists
                0x000001bf       0x13 ./Core/Src/sysmem.o
 .debug_rnglists
                0x000001d2       0x1a ./Core/Src/system_stm32f1xx.o
 .debug_rnglists
                0x000001ec       0x19 ./Core/Startup/startup_stm32f103c8tx.o
 .debug_rnglists
                0x00000205       0xa3 ./Drivers/STM32F1xx_HAL_Driver/Src/stm32f1xx_hal.o
 .debug_rnglists
                0x000002a8       0xbb ./Drivers/STM32F1xx_HAL_Driver/Src/stm32f1xx_hal_cortex.o
 .debug_rnglists
                0x00000363       0x64 ./Drivers/STM32F1xx_HAL_Driver/Src/stm32f1xx_hal_dma.o
 .debug_rnglists
                0x000003c7       0x3f ./Drivers/STM32F1xx_HAL_Driver/Src/stm32f1xx_hal_gpio.o
 .debug_rnglists
                0x00000406      0x23c ./Drivers/STM32F1xx_HAL_Driver/Src/stm32f1xx_hal_i2c.o
 .debug_rnglists
                0x00000642       0x6c ./Drivers/STM32F1xx_HAL_Driver/Src/stm32f1xx_hal_rcc.o
 .debug_rnglists
                0x000006ae      0x16e ./Drivers/STM32F1xx_HAL_Driver/Src/stm32f1xx_hal_spi.o
 .debug_rnglists
                0x0000081c      0x31a ./Drivers/STM32F1xx_HAL_Driver/Src/stm32f1xx_hal_tim.o
 .debug_rnglists
                0x00000b36      0x125 ./Drivers/STM32F1xx_HAL_Driver/Src/stm32f1xx_hal_tim_ex.o
 .debug_rnglists
                0x00000c5b      0x1bc ./Drivers/STM32F1xx_HAL_Driver/Src/stm32f1xx_hal_uart.o

.debug_macro    0x00000000    0x186ba
 .debug_macro   0x00000000      0x2b8 ./Core/Src/Hardware_Interface_Layer.o
 .debug_macro   0x000002b8      0xaa8 ./Core/Src/Hardware_Interface_Layer.o
 .debug_macro   0x00000d60       0x24 ./Core/Src/Hardware_Interface_Layer.o
 .debug_macro   0x00000d84       0x22 ./Core/Src/Hardware_Interface_Layer.o
 .debug_macro   0x00000da6       0x5b ./Core/Src/Hardware_Interface_Layer.o
 .debug_macro   0x00000e01       0x94 ./Core/Src/Hardware_Interface_Layer.o
 .debug_macro   0x00000e95       0x43 ./Core/Src/Hardware_Interface_Layer.o
 .debug_macro   0x00000ed8       0x34 ./Core/Src/Hardware_Interface_Layer.o
 .debug_macro   0x00000f0c       0x16 ./Core/Src/Hardware_Interface_Layer.o
 .debug_macro   0x00000f22      0x11c ./Core/Src/Hardware_Interface_Layer.o
 .debug_macro   0x0000103e       0x94 ./Core/Src/Hardware_Interface_Layer.o
 .debug_macro   0x000010d2       0x16 ./Core/Src/Hardware_Interface_Layer.o
 .debug_macro   0x000010e8       0x43 ./Core/Src/Hardware_Interface_Layer.o
 .debug_macro   0x0000112b       0x57 ./Core/Src/Hardware_Interface_Layer.o
 .debug_macro   0x00001182       0x34 ./Core/Src/Hardware_Interface_Layer.o
 .debug_macro   0x000011b6       0x10 ./Core/Src/Hardware_Interface_Layer.o
 .debug_macro   0x000011c6       0x58 ./Core/Src/Hardware_Interface_Layer.o
 .debug_macro   0x0000121e       0x8e ./Core/Src/Hardware_Interface_Layer.o
 .debug_macro   0x000012ac       0x1c ./Core/Src/Hardware_Interface_Layer.o
 .debug_macro   0x000012c8      0x177 ./Core/Src/Hardware_Interface_Layer.o
 .debug_macro   0x0000143f      0x369 ./Core/Src/Hardware_Interface_Layer.o
 .debug_macro   0x000017a8       0x16 ./Core/Src/Hardware_Interface_Layer.o
 .debug_macro   0x000017be       0x29 ./Core/Src/Hardware_Interface_Layer.o
 .debug_macro   0x000017e7      0x227 ./Core/Src/Hardware_Interface_Layer.o
 .debug_macro   0x00001a0e       0x2e ./Core/Src/Hardware_Interface_Layer.o
 .debug_macro   0x00001a3c       0x22 ./Core/Src/Hardware_Interface_Layer.o
 .debug_macro   0x00001a5e      0x103 ./Core/Src/Hardware_Interface_Layer.o
 .debug_macro   0x00001b61       0x6a ./Core/Src/Hardware_Interface_Layer.o
 .debug_macro   0x00001bcb      0x1df ./Core/Src/Hardware_Interface_Layer.o
 .debug_macro   0x00001daa       0x1c ./Core/Src/Hardware_Interface_Layer.o
 .debug_macro   0x00001dc6       0x22 ./Core/Src/Hardware_Interface_Layer.o
 .debug_macro   0x00001de8       0xbd ./Core/Src/Hardware_Interface_Layer.o
 .debug_macro   0x00001ea5      0xd23 ./Core/Src/Hardware_Interface_Layer.o
 .debug_macro   0x00002bc8     0xe09e ./Core/Src/Hardware_Interface_Layer.o
 .debug_macro   0x00010c66       0x6d ./Core/Src/Hardware_Interface_Layer.o
 .debug_macro   0x00010cd3     0x34a2 ./Core/Src/Hardware_Interface_Layer.o
 .debug_macro   0x00014175       0x56 ./Core/Src/Hardware_Interface_Layer.o
 .debug_macro   0x000141cb      0x5bc ./Core/Src/Hardware_Interface_Layer.o
 .debug_macro   0x00014787      0x289 ./Core/Src/Hardware_Interface_Layer.o
 .debug_macro   0x00014a10      0x1cb ./Core/Src/Hardware_Interface_Layer.o
 .debug_macro   0x00014bdb      0x114 ./Core/Src/Hardware_Interface_Layer.o
 .debug_macro   0x00014cef      0x1b2 ./Core/Src/Hardware_Interface_Layer.o
 .debug_macro   0x00014ea1       0x27 ./Core/Src/Hardware_Interface_Layer.o
 .debug_macro   0x00014ec8      0x136 ./Core/Src/Hardware_Interface_Layer.o
 .debug_macro   0x00014ffe      0x1bc ./Core/Src/Hardware_Interface_Layer.o
 .debug_macro   0x000151ba       0x34 ./Core/Src/Hardware_Interface_Layer.o
 .debug_macro   0x000151ee       0x3c ./Core/Src/Hardware_Interface_Layer.o
 .debug_macro   0x0001522a       0x57 ./Core/Src/Hardware_Interface_Layer.o
 .debug_macro   0x00015281       0x87 ./Core/Src/Hardware_Interface_Layer.o
 .debug_macro   0x00015308      0x240 ./Core/Src/Hardware_Interface_Layer.o
 .debug_macro   0x00015548      0x287 ./Core/Src/Hardware_Interface_Layer.o
 .debug_macro   0x000157cf      0x140 ./Core/Src/Hardware_Interface_Layer.o
 .debug_macro   0x0001590f      0x217 ./Core/Src/Hardware_Interface_Layer.o
 .debug_macro   0x00015b26      0x8ed ./Core/Src/Hardware_Interface_Layer.o
 .debug_macro   0x00016413      0x28e ./Core/Src/Hardware_Interface_Layer.o
 .debug_macro   0x000166a1       0x83 ./Core/Src/Hardware_Interface_Layer.o
 .debug_macro   0x00016724       0x10 ./Core/Src/Hardware_Interface_Layer.o
 .debug_macro   0x00016734       0x16 ./Core/Src/Hardware_Interface_Layer.o
 .debug_macro   0x0001674a       0x22 ./Core/Src/Hardware_Interface_Layer.o
 .debug_macro   0x0001676c      0x2c2 ./Core/Src/main.o
 .debug_macro   0x00016a2e      0x1d5 ./Core/Src/softwareTimer.o
 .debug_macro   0x00016c03       0x10 ./Core/Src/softwareTimer.o
 .debug_macro   0x00016c13      0x1c6 ./Core/Src/stm32f1xx_hal_msp.o
 .debug_macro   0x00016dd9      0x1d0 ./Core/Src/stm32f1xx_it.o
 .debug_macro   0x00016fa9       0xff ./Core/Src/sysmem.o
 .debug_macro   0x000170a8      0x23c ./Core/Src/sysmem.o
 .debug_macro   0x000172e4      0x1b7 ./Core/Src/system_stm32f1xx.o
 .debug_macro   0x0001749b      0x1db ./Drivers/STM32F1xx_HAL_Driver/Src/stm32f1xx_hal.o
 .debug_macro   0x00017676      0x1b7 ./Drivers/STM32F1xx_HAL_Driver/Src/stm32f1xx_hal_cortex.o
 .debug_macro   0x0001782d      0x1b7 ./Drivers/STM32F1xx_HAL_Driver/Src/stm32f1xx_hal_dma.o
 .debug_macro   0x000179e4      0x222 ./Drivers/STM32F1xx_HAL_Driver/Src/stm32f1xx_hal_gpio.o
 .debug_macro   0x00017c06      0x205 ./Drivers/STM32F1xx_HAL_Driver/Src/stm32f1xx_hal_i2c.o
 .debug_macro   0x00017e0b      0x1c9 ./Drivers/STM32F1xx_HAL_Driver/Src/stm32f1xx_hal_rcc.o
 .debug_macro   0x00017fd4      0x1bf ./Drivers/STM32F1xx_HAL_Driver/Src/stm32f1xx_hal_spi.o
 .debug_macro   0x00018193      0x1b8 ./Drivers/STM32F1xx_HAL_Driver/Src/stm32f1xx_hal_tim.o
 .debug_macro   0x0001834b      0x1b7 ./Drivers/STM32F1xx_HAL_Driver/Src/stm32f1xx_hal_tim_ex.o
 .debug_macro   0x00018502      0x1b8 ./Drivers/STM32F1xx_HAL_Driver/Src/stm32f1xx_hal_uart.o

.debug_line     0x00000000    0x14f7b
 .debug_line    0x00000000      0xf74 ./Core/Src/Hardware_Interface_Layer.o
 .debug_line    0x00000f74      0xc24 ./Core/Src/main.o
 .debug_line    0x00001b98      0x7d1 ./Core/Src/softwareTimer.o
 .debug_line    0x00002369      0x8ff ./Core/Src/stm32f1xx_hal_msp.o
 .debug_line    0x00002c68      0x88d ./Core/Src/stm32f1xx_it.o
 .debug_line    0x000034f5      0x666 ./Core/Src/sysmem.o
 .debug_line    0x00003b5b      0x7a1 ./Core/Src/system_stm32f1xx.o
 .debug_line    0x000042fc       0x78 ./Core/Startup/startup_stm32f103c8tx.o
 .debug_line    0x00004374      0x9ce ./Drivers/STM32F1xx_HAL_Driver/Src/stm32f1xx_hal.o
 .debug_line    0x00004d42      0xbba ./Drivers/STM32F1xx_HAL_Driver/Src/stm32f1xx_hal_cortex.o
 .debug_line    0x000058fc      0xe27 ./Drivers/STM32F1xx_HAL_Driver/Src/stm32f1xx_hal_dma.o
 .debug_line    0x00006723      0xa67 ./Drivers/STM32F1xx_HAL_Driver/Src/stm32f1xx_hal_gpio.o
 .debug_line    0x0000718a     0x3c6b ./Drivers/STM32F1xx_HAL_Driver/Src/stm32f1xx_hal_i2c.o
 .debug_line    0x0000adf5      0xdd7 ./Drivers/STM32F1xx_HAL_Driver/Src/stm32f1xx_hal_rcc.o
 .debug_line    0x0000bbcc     0x1cf2 ./Drivers/STM32F1xx_HAL_Driver/Src/stm32f1xx_hal_spi.o
 .debug_line    0x0000d8be     0x34f3 ./Drivers/STM32F1xx_HAL_Driver/Src/stm32f1xx_hal_tim.o
 .debug_line    0x00010db1     0x191d ./Drivers/STM32F1xx_HAL_Driver/Src/stm32f1xx_hal_tim_ex.o
 .debug_line    0x000126ce     0x28ad ./Drivers/STM32F1xx_HAL_Driver/Src/stm32f1xx_hal_uart.o

.debug_str      0x00000000    0x8e671
 .debug_str     0x00000000    0x8a398 ./Core/Src/Hardware_Interface_Layer.o
                              0x8a89b (size before relaxing)
 .debug_str     0x0008a398      0x2e2 ./Core/Src/main.o
                              0x8a65d (size before relaxing)
 .debug_str     0x0008a67a       0xad ./Core/Src/softwareTimer.o
                              0x86982 (size before relaxing)
 .debug_str     0x0008a727      0x3b2 ./Core/Src/stm32f1xx_hal_msp.o
                              0x8732e (size before relaxing)
 .debug_str     0x0008aad9      0x193 ./Core/Src/stm32f1xx_it.o
                              0x87023 (size before relaxing)
 .debug_str     0x0008ac6c      0x4dc ./Core/Src/sysmem.o
                               0x6060 (size before relaxing)
 .debug_str     0x0008b148       0x7e ./Core/Src/system_stm32f1xx.o
                              0x8642f (size before relaxing)
 .debug_str     0x0008b1c6       0x44 ./Core/Startup/startup_stm32f103c8tx.o
                                 0x6b (size before relaxing)
 .debug_str     0x0008b20a      0x37a ./Drivers/STM32F1xx_HAL_Driver/Src/stm32f1xx_hal.o
                              0x86b62 (size before relaxing)
 .debug_str     0x0008b584      0x294 ./Drivers/STM32F1xx_HAL_Driver/Src/stm32f1xx_hal_cortex.o
                              0x86aae (size before relaxing)
 .debug_str     0x0008b818      0x235 ./Drivers/STM32F1xx_HAL_Driver/Src/stm32f1xx_hal_dma.o
                              0x867d8 (size before relaxing)
 .debug_str     0x0008ba4d      0x2e1 ./Drivers/STM32F1xx_HAL_Driver/Src/stm32f1xx_hal_gpio.o
                              0x867b5 (size before relaxing)
 .debug_str     0x0008bd2e      0xaec ./Drivers/STM32F1xx_HAL_Driver/Src/stm32f1xx_hal_i2c.o
                              0x874f6 (size before relaxing)
 .debug_str     0x0008c81a      0x209 ./Drivers/STM32F1xx_HAL_Driver/Src/stm32f1xx_hal_rcc.o
                              0x8685e (size before relaxing)
 .debug_str     0x0008ca23      0x49b ./Drivers/STM32F1xx_HAL_Driver/Src/stm32f1xx_hal_spi.o
                              0x86d55 (size before relaxing)
 .debug_str     0x0008cebe      0xd9d ./Drivers/STM32F1xx_HAL_Driver/Src/stm32f1xx_hal_tim.o
                              0x87860 (size before relaxing)
 .debug_str     0x0008dc5b      0x493 ./Drivers/STM32F1xx_HAL_Driver/Src/stm32f1xx_hal_tim_ex.o
                              0x8706c (size before relaxing)
 .debug_str     0x0008e0ee      0x583 ./Drivers/STM32F1xx_HAL_Driver/Src/stm32f1xx_hal_uart.o
                              0x86ecf (size before relaxing)

.comment        0x00000000       0x43
 .comment       0x00000000       0x43 ./Core/Src/Hardware_Interface_Layer.o
                                 0x44 (size before relaxing)
 .comment       0x00000043       0x44 ./Core/Src/main.o
 .comment       0x00000043       0x44 ./Core/Src/softwareTimer.o
 .comment       0x00000043       0x44 ./Core/Src/stm32f1xx_hal_msp.o
 .comment       0x00000043       0x44 ./Core/Src/stm32f1xx_it.o
 .comment       0x00000043       0x44 ./Core/Src/sysmem.o
 .comment       0x00000043       0x44 ./Core/Src/system_stm32f1xx.o
 .comment       0x00000043       0x44 ./Drivers/STM32F1xx_HAL_Driver/Src/stm32f1xx_hal.o
 .comment       0x00000043       0x44 ./Drivers/STM32F1xx_HAL_Driver/Src/stm32f1xx_hal_cortex.o
 .comment       0x00000043       0x44 ./Drivers/STM32F1xx_HAL_Driver/Src/stm32f1xx_hal_dma.o
 .comment       0x00000043       0x44 ./Drivers/STM32F1xx_HAL_Driver/Src/stm32f1xx_hal_gpio.o
 .comment       0x00000043       0x44 ./Drivers/STM32F1xx_HAL_Driver/Src/stm32f1xx_hal_i2c.o
 .comment       0x00000043       0x44 ./Drivers/STM32F1xx_HAL_Driver/Src/stm32f1xx_hal_rcc.o
 .comment       0x00000043       0x44 ./Drivers/STM32F1xx_HAL_Driver/Src/stm32f1xx_hal_spi.o
 .comment       0x00000043       0x44 ./Drivers/STM32F1xx_HAL_Driver/Src/stm32f1xx_hal_tim.o
 .comment       0x00000043       0x44 ./Drivers/STM32F1xx_HAL_Driver/Src/stm32f1xx_hal_tim_ex.o
 .comment       0x00000043       0x44 ./Drivers/STM32F1xx_HAL_Driver/Src/stm32f1xx_hal_uart.o

.debug_frame    0x00000000     0x4f0c
 .debug_frame   0x00000000      0x2e8 ./Core/Src/Hardware_Interface_Layer.o
 .debug_frame   0x000002e8      0x158 ./Core/Src/main.o
 .debug_frame   0x00000440       0xd0 ./Core/Src/softwareTimer.o
 .debug_frame   0x00000510      0x158 ./Core/Src/stm32f1xx_hal_msp.o
 .debug_frame   0x00000668      0x1c8 ./Core/Src/stm32f1xx_it.o
 .debug_frame   0x00000830       0x34 ./Core/Src/sysmem.o
 .debug_frame   0x00000864       0x58 ./Core/Src/system_stm32f1xx.o
 .debug_frame   0x000008bc      0x334 ./Drivers/STM32F1xx_HAL_Driver/Src/stm32f1xx_hal.o
 .debug_frame   0x00000bf0      0x428 ./Drivers/STM32F1xx_HAL_Driver/Src/stm32f1xx_hal_cortex.o
 .debug_frame   0x00001018      0x208 ./Drivers/STM32F1xx_HAL_Driver/Src/stm32f1xx_hal_dma.o
 .debug_frame   0x00001220      0x14c ./Drivers/STM32F1xx_HAL_Driver/Src/stm32f1xx_hal_gpio.o
 .debug_frame   0x0000136c      0xc84 ./Drivers/STM32F1xx_HAL_Driver/Src/stm32f1xx_hal_i2c.o
 .debug_frame   0x00001ff0      0x218 ./Drivers/STM32F1xx_HAL_Driver/Src/stm32f1xx_hal_rcc.o
 .debug_frame   0x00002208      0x824 ./Drivers/STM32F1xx_HAL_Driver/Src/stm32f1xx_hal_spi.o
 .debug_frame   0x00002a2c     0x11b8 ./Drivers/STM32F1xx_HAL_Driver/Src/stm32f1xx_hal_tim.o
 .debug_frame   0x00003be4      0x638 ./Drivers/STM32F1xx_HAL_Driver/Src/stm32f1xx_hal_tim_ex.o
 .debug_frame   0x0000421c      0x944 ./Drivers/STM32F1xx_HAL_Driver/Src/stm32f1xx_hal_uart.o
 .debug_frame   0x00004b60       0x30 D:/STM32CubeIde/STM32CubeIDE_1.17.0/STM32CubeIDE/plugins/com.st.stm32cube.ide.mcu.externaltools.gnu-tools-for-stm32.12.3.rel1.win32_1.1.0.202410251130/tools/bin/../lib/gcc/arm-none-eabi/12.3.1/../../../../arm-none-eabi/lib/thumb/v7-m/nofp\libc_nano.a(libc_a-malloc.o)
 .debug_frame   0x00004b90       0x50 D:/STM32CubeIde/STM32CubeIDE_1.17.0/STM32CubeIDE/plugins/com.st.stm32cube.ide.mcu.externaltools.gnu-tools-for-stm32.12.3.rel1.win32_1.1.0.202410251130/tools/bin/../lib/gcc/arm-none-eabi/12.3.1/../../../../arm-none-eabi/lib/thumb/v7-m/nofp\libc_nano.a(libc_a-mallocr.o)
 .debug_frame   0x00004be0       0x30 D:/STM32CubeIde/STM32CubeIDE_1.17.0/STM32CubeIDE/plugins/com.st.stm32cube.ide.mcu.externaltools.gnu-tools-for-stm32.12.3.rel1.win32_1.1.0.202410251130/tools/bin/../lib/gcc/arm-none-eabi/12.3.1/../../../../arm-none-eabi/lib/thumb/v7-m/nofp\libc_nano.a(libc_a-mlock.o)
 .debug_frame   0x00004c10      0x144 D:/STM32CubeIde/STM32CubeIDE_1.17.0/STM32CubeIDE/plugins/com.st.stm32cube.ide.mcu.externaltools.gnu-tools-for-stm32.12.3.rel1.win32_1.1.0.202410251130/tools/bin/../lib/gcc/arm-none-eabi/12.3.1/../../../../arm-none-eabi/lib/thumb/v7-m/nofp\libc_nano.a(libc_a-findfp.o)
 .debug_frame   0x00004d54       0x20 D:/STM32CubeIde/STM32CubeIDE_1.17.0/STM32CubeIDE/plugins/com.st.stm32cube.ide.mcu.externaltools.gnu-tools-for-stm32.12.3.rel1.win32_1.1.0.202410251130/tools/bin/../lib/gcc/arm-none-eabi/12.3.1/../../../../arm-none-eabi/lib/thumb/v7-m/nofp\libc_nano.a(libc_a-memset.o)
 .debug_frame   0x00004d74       0x38 D:/STM32CubeIde/STM32CubeIDE_1.17.0/STM32CubeIDE/plugins/com.st.stm32cube.ide.mcu.externaltools.gnu-tools-for-stm32.12.3.rel1.win32_1.1.0.202410251130/tools/bin/../lib/gcc/arm-none-eabi/12.3.1/../../../../arm-none-eabi/lib/thumb/v7-m/nofp\libc_nano.a(libc_a-reent.o)
 .debug_frame   0x00004dac       0x2c D:/STM32CubeIde/STM32CubeIDE_1.17.0/STM32CubeIDE/plugins/com.st.stm32cube.ide.mcu.externaltools.gnu-tools-for-stm32.12.3.rel1.win32_1.1.0.202410251130/tools/bin/../lib/gcc/arm-none-eabi/12.3.1/../../../../arm-none-eabi/lib/thumb/v7-m/nofp\libc_nano.a(libc_a-sbrkr.o)
 .debug_frame   0x00004dd8       0x20 D:/STM32CubeIde/STM32CubeIDE_1.17.0/STM32CubeIDE/plugins/com.st.stm32cube.ide.mcu.externaltools.gnu-tools-for-stm32.12.3.rel1.win32_1.1.0.202410251130/tools/bin/../lib/gcc/arm-none-eabi/12.3.1/../../../../arm-none-eabi/lib/thumb/v7-m/nofp\libc_nano.a(libc_a-errno.o)
 .debug_frame   0x00004df8       0x2c D:/STM32CubeIde/STM32CubeIDE_1.17.0/STM32CubeIDE/plugins/com.st.stm32cube.ide.mcu.externaltools.gnu-tools-for-stm32.12.3.rel1.win32_1.1.0.202410251130/tools/bin/../lib/gcc/arm-none-eabi/12.3.1/../../../../arm-none-eabi/lib/thumb/v7-m/nofp\libc_nano.a(libc_a-init.o)
 .debug_frame   0x00004e24       0xb0 D:/STM32CubeIde/STM32CubeIDE_1.17.0/STM32CubeIDE/plugins/com.st.stm32cube.ide.mcu.externaltools.gnu-tools-for-stm32.12.3.rel1.win32_1.1.0.202410251130/tools/bin/../lib/gcc/arm-none-eabi/12.3.1/../../../../arm-none-eabi/lib/thumb/v7-m/nofp\libc_nano.a(libc_a-lock.o)
 .debug_frame   0x00004ed4       0x38 D:/STM32CubeIde/STM32CubeIDE_1.17.0/STM32CubeIDE/plugins/com.st.stm32cube.ide.mcu.externaltools.gnu-tools-for-stm32.12.3.rel1.win32_1.1.0.202410251130/tools/bin/../lib/gcc/arm-none-eabi/12.3.1/../../../../arm-none-eabi/lib/thumb/v7-m/nofp\libc_nano.a(libc_a-freer.o)

.debug_line_str
                0x00000000       0x4f
 .debug_line_str
                0x00000000       0x4f ./Core/Startup/startup_stm32f103c8tx.o
