../Core/Src/Hardware_Interface_Layer.c:27:6:hw_reboot	16	static
../Core/Src/Hardware_Interface_Layer.c:50:6:i2c_init	8	static
../Core/Src/Hardware_Interface_Layer.c:65:6:spi_init	8	static
../Core/Src/Hardware_Interface_Layer.c:82:6:uart_init	16	static
../Core/Src/Hardware_Interface_Layer.c:97:6:RS485_init	8	static
../Core/Src/Hardware_Interface_Layer.c:111:6:hw_tim_init	32	static
../Core/Src/Hardware_Interface_Layer.c:141:6:slave_init	8	static
../Core/Src/Hardware_Interface_Layer.c:155:6:hw_init	16	static
../Core/Src/Hardware_Interface_Layer.c:185:20:i2c_config	16	static
../Core/Src/Hardware_Interface_Layer.c:204:20:spi_config	16	static
../Core/Src/Hardware_Interface_Layer.c:228:20:uart_config	16	static
../Core/Src/Hardware_Interface_Layer.c:250:20:RS485_config	16	static
../Core/Src/Hardware_Interface_Layer.c:273:20:ErrorCode_Handler	16	static
../Core/Src/Hardware_Interface_Layer.c:321:20:hw_send	40	static
../Core/Src/Hardware_Interface_Layer.c:380:20:hw_receive	48	static
../Core/Src/Hardware_Interface_Layer.c:423:6:Hardware_Interface_Layer_FSM	16	static
../Core/Src/Hardware_Interface_Layer.c:463:6:HAL_UART_RxCpltCallback	16	static
../Core/Src/Hardware_Interface_Layer.c:468:6:HAL_I2C_SlaveRxCpltCallback	16	static
../Core/Src/Hardware_Interface_Layer.c:472:6:HAL_SPI_RxCpltCallback	16	static
../Core/Src/Hardware_Interface_Layer.c:476:6:Protocol_Buffer_Malloc	24	static
