../Core/Src/main.c:82:5:main	8	static
../Core/Src/main.c:140:6:SystemClock_Config	72	static
../Core/Src/main.c:180:13:MX_I2C1_Init	8	static
../Core/Src/main.c:214:13:MX_I2C2_Init	8	static
../Core/Src/main.c:248:13:MX_SPI1_Init	8	static
../Core/Src/main.c:286:13:MX_SPI2_Init	8	static
../Core/Src/main.c:324:13:MX_TIM2_Init	32	static
../Core/Src/main.c:369:13:MX_USART1_UART_Init	8	static
../Core/Src/main.c:402:13:MX_USART2_UART_Init	8	static
../Core/Src/main.c:435:13:MX_GPIO_Init	40	static
../Core/Src/main.c:469:6:Error_Handler	4	static,ignoring_inline_asm
